
> npcl-dashboard@1.0.0 test
> jest --verbose --no-coverage

node.exe : FAIL __tests__/components/LoginForm.test.tsx (6.463 s)
At C:\Program Files\nodejs\npm.ps1:29 char:3
+   & $NODE_EXE $NPM_CLI_JS $args
+   ~~~~~~~~~~~~~~~~~~~~~~~~~~~~~
    + CategoryInfo          : NotSpecified: (FAIL __tests__/...t.tsx (6.463 s):String) [], RemoteException
    + FullyQualifiedErrorId : NativeCommandError
 
  LoginForm Component
    ΓêÜ should render all form elements (76 ms)
    ├ù should validate email format (1298 ms)
    ΓêÜ should validate password length (413 ms)
    ΓêÜ should submit form with valid data (514 ms)
    ├ù should clear validation errors when user starts typing (1244 ms)
    ΓêÜ should disable form when loading (12 ms)
    ΓêÜ should show loading spinner when submitting (15 ms)
    ΓêÜ should handle form submission with Enter key (591 ms)
    ΓêÜ should have proper accessibility attributes (11 ms)
    ├ù should apply error styling to invalid fields (1324 ms)

  ΓùÅ LoginForm Component ΓÇ║ should validate email format

    Unable to find an element with the text: /email is invalid/i. This could be because the text is broken up by 
multiple elements. In this case, you can provide a function for your text matcher to make your matcher more 
flexible.

    Ignored nodes: comments, script, style
    [36m<body>[39m
      [36m<div>[39m
        [36m<form[39m
          [33mclass[39m=[32m"space-y-6"[39m
        [36m>[39m
          [36m<div>[39m
            [36m<label[39m
              [33mclass[39m=[32m"block text-sm font-medium text-gray-700"[39m
              [33mfor[39m=[32m"email"[39m
            [36m>[39m
              [0mEmail address[0m
            [36m</label>[39m
            [36m<input[39m
              [33mautocomplete[39m=[32m"email"[39m
              [33mclass[39m=[32m"mt-1 block w-full px-3 py-2 border rounded-md shadow-sm focus:outline-none 
focus:ring-indigo-500 focus:border-indigo-500 sm:text-sm border-gray-300"[39m
              [33mid[39m=[32m"email"[39m
              [33mname[39m=[32m"email"[39m
              [33mplaceholder[39m=[32m"Enter your email"[39m
              [33mrequired[39m=[32m""[39m
              [33mtype[39m=[32m"email"[39m
              [33mvalue[39m=[32m"invalid-email"[39m
            [36m/>[39m
          [36m</div>[39m
          [36m<div>[39m
            [36m<label[39m
              [33mclass[39m=[32m"block text-sm font-medium text-gray-700"[39m
              [33mfor[39m=[32m"password"[39m
            [36m>[39m
              [0mPassword[0m
            [36m</label>[39m
            [36m<input[39m
              [33mautocomplete[39m=[32m"current-password"[39m
              [33mclass[39m=[32m"mt-1 block w-full px-3 py-2 border rounded-md shadow-sm focus:outline-none 
focus:ring-indigo-500 focus:border-indigo-500 sm:text-sm border-gray-300"[39m
              [33mid[39m=[32m"password"[39m
              [33mname[39m=[32m"password"[39m
              [33mplaceholder[39m=[32m"Enter your password"[39m
              [33mrequired[39m=[32m""[39m
              [33mtype[39m=[32m"password"[39m
              [33mvalue[39m=[32m""[39m
            [36m/>[39m
            [36m<div[39m
              [33mclass[39m=[32m"mt-2 text-right"[39m
            [36m>[39m
              [36m<a[39m
                [33mclass[39m=[32m"text-sm text-indigo-600 hover:text-indigo-500"[39m
                [33mhref[39m=[32m"/auth/forgot-password"[39m
              [36m>[39m
                [0mForgot your password?[0m
              [36m</a>[39m
            [36m</div>[39m
          [36m</div>[39m
          [36m<div>[39m
            [36m<button[39m
              [33mclass[39m=[32m"w-full flex justify-center py-2 px-4 border border-transparent rounded-md 
shadow-sm text-sm font-medium text-white bg-indigo-600 hover:bg-indigo-700 focus:outline-none focus:ring-2 
focus:ring-offset-2 focus:ring-indigo-500 disabled:opacity-50 disabled:cursor-not-allowed"[39m
              [33mtype[39m=[32m"submit"[39m
            [36m>[39m
              [0mSign in[0m
            [36m</button>[39m
          [36m</div>[39m
        [36m</form>[39m
      [36m</div>[39m
    [36m</body>[39m

    [0m [90m 35 |[39m     [36mawait[39m user[33m.[39mclick(submitButton)
     [90m 36 |[39m
    [31m[1m>[22m[39m[90m 37 |[39m     [36mawait[39m waitFor(() [33m=>[39m {
     [90m    |[39m                  [31m[1m^[22m[39m
     [90m 38 |[39m       expect(screen[33m.[39mgetByText([35m/email is 
invalid/i[39m))[33m.[39mtoBeInTheDocument()
     [90m 39 |[39m     })
     [90m 40 |[39m[0m

      at waitForWrapper (node_modules/@testing-library/dom/dist/wait-for.js:163:27)
      at Object.<anonymous> (__tests__/components/LoginForm.test.tsx:37:18)

  ΓùÅ LoginForm Component ΓÇ║ should clear validation errors when user starts typing

    Unable to find an element with the text: /email is invalid/i. This could be because the text is broken up by 
multiple elements. In this case, you can provide a function for your text matcher to make your matcher more 
flexible.

    Ignored nodes: comments, script, style
    [36m<body>[39m
      [36m<div>[39m
        [36m<form[39m
          [33mclass[39m=[32m"space-y-6"[39m
        [36m>[39m
          [36m<div>[39m
            [36m<label[39m
              [33mclass[39m=[32m"block text-sm font-medium text-gray-700"[39m
              [33mfor[39m=[32m"email"[39m
            [36m>[39m
              [0mEmail address[0m
            [36m</label>[39m
            [36m<input[39m
              [33mautocomplete[39m=[32m"email"[39m
              [33mclass[39m=[32m"mt-1 block w-full px-3 py-2 border rounded-md shadow-sm focus:outline-none 
focus:ring-indigo-500 focus:border-indigo-500 sm:text-sm border-gray-300"[39m
              [33mid[39m=[32m"email"[39m
              [33mname[39m=[32m"email"[39m
              [33mplaceholder[39m=[32m"Enter your email"[39m
              [33mrequired[39m=[32m""[39m
              [33mtype[39m=[32m"email"[39m
              [33mvalue[39m=[32m"invalid"[39m
            [36m/>[39m
          [36m</div>[39m
          [36m<div>[39m
            [36m<label[39m
              [33mclass[39m=[32m"block text-sm font-medium text-gray-700"[39m
              [33mfor[39m=[32m"password"[39m
            [36m>[39m
              [0mPassword[0m
            [36m</label>[39m
            [36m<input[39m
              [33mautocomplete[39m=[32m"current-password"[39m
              [33mclass[39m=[32m"mt-1 block w-full px-3 py-2 border rounded-md shadow-sm focus:outline-none 
focus:ring-indigo-500 focus:border-indigo-500 sm:text-sm border-gray-300"[39m
              [33mid[39m=[32m"password"[39m
              [33mname[39m=[32m"password"[39m
              [33mplaceholder[39m=[32m"Enter your password"[39m
              [33mrequired[39m=[32m""[39m
              [33mtype[39m=[32m"password"[39m
              [33mvalue[39m=[32m""[39m
            [36m/>[39m
            [36m<div[39m
              [33mclass[39m=[32m"mt-2 text-right"[39m
            [36m>[39m
              [36m<a[39m
                [33mclass[39m=[32m"text-sm text-indigo-600 hover:text-indigo-500"[39m
                [33mhref[39m=[32m"/auth/forgot-password"[39m
              [36m>[39m
                [0mForgot your password?[0m
              [36m</a>[39m
            [36m</div>[39m
          [36m</div>[39m
          [36m<div>[39m
            [36m<button[39m
              [33mclass[39m=[32m"w-full flex justify-center py-2 px-4 border border-transparent rounded-md 
shadow-sm text-sm font-medium text-white bg-indigo-600 hover:bg-indigo-700 focus:outline-none focus:ring-2 
focus:ring-offset-2 focus:ring-indigo-500 disabled:opacity-50 disabled:cursor-not-allowed"[39m
              [33mtype[39m=[32m"submit"[39m
            [36m>[39m
              [0mSign in[0m
            [36m</button>[39m
          [36m</div>[39m
        [36m</form>[39m
      [36m</div>[39m
    [36m</body>[39m

    [0m [90m 92 |[39m     [36mawait[39m user[33m.[39mclick(submitButton)
     [90m 93 |[39m
    [31m[1m>[22m[39m[90m 94 |[39m     [36mawait[39m waitFor(() [33m=>[39m {
     [90m    |[39m                  [31m[1m^[22m[39m
     [90m 95 |[39m       expect(screen[33m.[39mgetByText([35m/email is 
invalid/i[39m))[33m.[39mtoBeInTheDocument()
     [90m 96 |[39m     })
     [90m 97 |[39m[0m

      at waitForWrapper (node_modules/@testing-library/dom/dist/wait-for.js:163:27)
      at Object.<anonymous> (__tests__/components/LoginForm.test.tsx:94:18)

  ΓùÅ LoginForm Component ΓÇ║ should apply error styling to invalid fields

    expect(element).toHaveClass("border-red-300")

    Expected the element to have class:
      border-red-300
    Received:
      mt-1 block w-full px-3 py-2 border rounded-md shadow-sm focus:outline-none focus:ring-indigo-500 
focus:border-indigo-500 sm:text-sm border-gray-300

    Ignored nodes: comments, script, style
    [36m<html>[39m
      [36m<head />[39m
      [36m<body>[39m
        [36m<div>[39m
          [36m<form[39m
            [33mclass[39m=[32m"space-y-6"[39m
          [36m>[39m
            [36m<div>[39m
              [36m<label[39m
                [33mclass[39m=[32m"block text-sm font-medium text-gray-700"[39m
                [33mfor[39m=[32m"email"[39m
              [36m>[39m
                [0mEmail address[0m
              [36m</label>[39m
              [36m<input[39m
                [33mautocomplete[39m=[32m"email"[39m
                [33mclass[39m=[32m"mt-1 block w-full px-3 py-2 border rounded-md shadow-sm focus:outline-none 
focus:ring-indigo-500 focus:border-indigo-500 sm:text-sm border-gray-300"[39m
                [33mid[39m=[32m"email"[39m
                [33mname[39m=[32m"email"[39m
                [33mplaceholder[39m=[32m"Enter your email"[39m
                [33mrequired[39m=[32m""[39m
                [33mtype[39m=[32m"email"[39m
                [33mvalue[39m=[32m"invalid-email"[39m
              [36m/>[39m
            [36m</div>[39m
            [36m<div>[39m
              [36m<label[39m
                [33mclass[39m=[32m"block text-sm font-medium text-gray-700"[39m
                [33mfor[39m=[32m"password"[39m
              [36m>[39m
                [0mPassword[0m
              [36m</label>[39m
              [36m<input[39m
                [33mautocomplete[39m=[32m"current-password"[39m
                [33mclass[39m=[32m"mt-1 block w-full px-3 py-2 border rounded-md shadow-sm focus:outline-none 
focus:ring-indigo-500 focus:border-indigo-500 sm:text-sm border-gray-300"[39m
                [33mid[39m=[32m"password"[39m
                [33mname[39m=[32m"password"[39m
                [33mplaceholder[39m=[32m"Enter your password"[39m
                [33mrequired[39m=[32m""[39m
                [33mtype[39m=[32m"password"[39m
                [33mvalue[39m=[32m""[39m
              [36m/>[39m
              [36m<div[39m
                [33mclass[39m=[32m"mt-2 text-right"[39m
              [36m>[39m
                [36m<a[39m
                  [33mclass[39m=[32m"text-sm text-indigo-600 hover:text-indigo-500"[39m
                  [33mhref[39m=[32m"/auth/forgot-password"[39m
                [36m>[39m
                  [0mForgot your password?[0m
                [36m</a>[39m
              [36m</div>[39m
            [36m</div>[39m
            [36m<div>[39m
              [36m<button[39m
                [33mclass[39m=[32m"w-full flex justify-center py-2 px-4 border border-transparent rounded-md 
shadow-sm text-sm font-medium text-white bg-indigo-600 hover:bg-indigo-700 focus:outline-none focus:ring-2 
focus:ring-offset-2 focus:ring-indigo-500 disabled:opacity-50 disabled:cursor-not-allowed"[39m
                [33mtype[39m=[32m"submit"[39m
              [36m>[39m
                [0mSign in[0m
              [36m</button>[39m
            [36m</div>[39m
          [36m</form>[39m
        [36m</div>[39m
      [36m</body>[39m
    [36m</html>[39m

    [0m [90m 171 |[39m
     [90m 172 |[39m     [36mawait[39m waitFor(() [33m=>[39m {
    [31m[1m>[22m[39m[90m 173 |[39m       
expect(emailInput)[33m.[39mtoHaveClass([32m'border-red-300'[39m)
     [90m     |[39m                          [31m[1m^[22m[39m
     [90m 174 |[39m     })
     [90m 175 |[39m   })
     [90m 176 |[39m })[0m

      at toHaveClass (__tests__/components/LoginForm.test.tsx:173:26)
      at runWithExpensiveErrorDiagnosticsDisabled (node_modules/@testing-library/dom/dist/config.js:47:12)
      at checkCallback (node_modules/@testing-library/dom/dist/wait-for.js:124:77)
      at checkRealTimersCallback (node_modules/@testing-library/dom/dist/wait-for.js:118:16)
      at Timeout.task [as _onTimeout] (node_modules/jsdom/lib/jsdom/browser/Window.js:520:19)

FAIL __tests__/lib/auth-enhanced.test.ts
  Auth utilities - Enhanced
    hashPassword
      ├ù should hash a password with bcrypt using correct salt rounds (3 ms)
      ├ù should handle bcrypt errors (2 ms)
      ├ù should handle empty password (1 ms)
      ├ù should handle very long passwords (1 ms)
    verifyPassword
      ├ù should verify a correct password (1 ms)
      ├ù should reject an incorrect password (1 ms)
      ├ù should handle bcrypt comparison errors (1 ms)
      ΓêÜ should handle empty password verification (1 ms)
      ├ù should handle malformed hash (1 ms)
    generateResetToken
      ├ù should generate a random token (1 ms)
      ├ù should generate different tokens on multiple calls
    hashResetToken
      ├ù should hash a reset token using SHA256 (1 ms)
      ├ù should produce consistent hashes for the same token
      ├ù should handle empty token
    Deprecated JWT functions
      generateToken (deprecated)
        ├ù should throw error indicating deprecation (1 ms)
        ├ù should throw error regardless of user data
      verifyToken (deprecated)
        ├ù should throw error indicating deprecation (1 ms)
        ├ù should throw error for any token format (1 ms)
      extractTokenFromHeader (deprecated)
        ├ù should throw error indicating deprecation (11 ms)
        ├ù should throw error for various header formats (12 ms)
    Security considerations
      ├ù should use secure salt rounds for password hashing (1 ms)
      ├ù should generate cryptographically secure reset tokens (1 ms)
      ├ù should use SHA256 for reset token hashing (1 ms)
    Error handling
      ├ù should propagate crypto errors in generateResetToken (6 ms)
      ├ù should propagate crypto errors in hashResetToken (5 ms)

  ΓùÅ Auth utilities - Enhanced ΓÇ║ hashPassword ΓÇ║ should hash a password with bcrypt using correct salt rounds

    expect(jest.fn()).toHaveBeenCalledWith(...expected)

    Expected: "testpassword123", 12

    Number of calls: 0

    [0m [90m 45 |[39m       [36mconst[39m result [33m=[39m [36mawait[39m 
hashPassword(password)[33m;[39m
     [90m 46 |[39m
    [31m[1m>[22m[39m[90m 47 |[39m       
expect(mockBcrypt[33m.[39mhash)[33m.[39mtoHaveBeenCalledWith(password[33m,[39m [35m12[39m)[33m;[39m
     [90m    |[39m                               [31m[1m^[22m[39m
     [90m 48 |[39m       expect(result)[33m.[39mtoBe(hashedPassword)[33m;[39m
     [90m 49 |[39m     })[33m;[39m
     [90m 50 |[39m[0m

      at Object.toHaveBeenCalledWith (__tests__/lib/auth-enhanced.test.ts:47:31)

  ΓùÅ Auth utilities - Enhanced ΓÇ║ hashPassword ΓÇ║ should handle bcrypt errors

    expect(received).rejects.toThrow()

    Received promise resolved instead of rejected
    Resolved to value: "hashed_testpassword123"

    [0m [90m 55 |[39m       mockBcrypt[33m.[39mhash[33m.[39mmockRejectedValue(error [36mas[39m 
never)[33m;[39m
     [90m 56 |[39m
    [31m[1m>[22m[39m[90m 57 |[39m       [36mawait[39m 
expect(hashPassword(password))[33m.[39mrejects[33m.[39mtoThrow([32m"Bcrypt error"[39m)[33m;[39m
     [90m    |[39m             [31m[1m^[22m[39m
     [90m 58 |[39m     })[33m;[39m
     [90m 59 |[39m
     [90m 60 |[39m     it([32m"should handle empty password"[39m[33m,[39m [36masync[39m () [33m=>[39m 
{[0m

      at expect (node_modules/expect/build/index.js:113:15)
      at Object.expect (__tests__/lib/auth-enhanced.test.ts:57:13)

  ΓùÅ Auth utilities - Enhanced ΓÇ║ hashPassword ΓÇ║ should handle empty password

    expect(jest.fn()).toHaveBeenCalledWith(...expected)

    Expected: "", 12

    Number of calls: 0

    [0m [90m 66 |[39m       [36mconst[39m result [33m=[39m [36mawait[39m 
hashPassword(password)[33m;[39m
     [90m 67 |[39m
    [31m[1m>[22m[39m[90m 68 |[39m       
expect(mockBcrypt[33m.[39mhash)[33m.[39mtoHaveBeenCalledWith([32m""[39m[33m,[39m [35m12[39m)[33m;[39m
     [90m    |[39m                               [31m[1m^[22m[39m
     [90m 69 |[39m       expect(result)[33m.[39mtoBe(hashedPassword)[33m;[39m
     [90m 70 |[39m     })[33m;[39m
     [90m 71 |[39m[0m

      at Object.toHaveBeenCalledWith (__tests__/lib/auth-enhanced.test.ts:68:31)

  ΓùÅ Auth utilities - Enhanced ΓÇ║ hashPassword ΓÇ║ should handle very long passwords

    expect(jest.fn()).toHaveBeenCalledWith(...expected)

    Expected: "aaaaaaaaaaaaaaaaaaaaaaaaaaaaaaaaaaaaaaaaaaaaaaaaaaaaaaaaaaaaaaaaaaaaaaaaaaaaaaaaaaaaaaaaaaaaaaaaaaa
aaaaaaaaaaaaaaaaaaaaaaaaaaaaaaaaaaaaaaaaaaaaaaaaaaaaaaaaaaaaaaaaaaaaaaaaaaaaaaaaaaaaaaaaaaaaaaaaaaaaaaaaaaaaaaaaaa
aaaaaaaaaaaaaaaaaaaaaaaaaaaaaaaaaaaaaaaaaaaaaaaaaaaaaaaaaaaaaaaaaaaaaaaaaaaaaaaaaaaaaaaaaaaaaaaaaaaaaaaaaaaaaaaaaa
aaaaaaaaaaaaaaaaaaaaaaaaaaaaaaaaaaaaaaaaaaaaaaaaaaaaaaaaaaaaaaaaaaaaaaaaaaaaaaaaaaaaaaaaaaaaaaaaaaaaaaaaaaaaaaaaaa
aaaaaaaaaaaaaaaaaaaaaaaaaaaaaaaaaaaaaaaaaaaaaaaaaaaaaaaaaaaaaaaaaaaaaaaaaaaaaaaaaaaaaaaaaaaaaaaaaaaaaaaaaaaaaaaaaa
aaaaaaaaaaaaaaaaaaaaaaaaaaaaaaaaaaaaaaaaaaaaaaaaaaaaaaaaaaaaaaaaaaaaaaaaaaaaaaaaaaaaaaaaaaaaaaaaaaaaaaaaaaaaaaaaaa
aaaaaaaaaaaaaaaaaaaaaaaaaaaaaaaaaaaaaaaaaaaaaaaaaaaaaaaaaaaaaaaaaaaaaaaaaaaaaaaaaaaaaaaaaaaaaaaaaaaaaaaaaaaaaaaaaa
aaaaaaaaaaaaaaaaaaaaaaaaaaaaaaaaaaaaaaaaaaaaaaaaaaaaaaaaaaaaaaaaaaaaaaaaaaaaaaaaaaaaaaaaaaaaaaaaaaaaaaaaaaaaaaaaaa
aaaaaaaaaaaaaaaaaaaaaaaaaaaaaaaaaaaaaaaaaaaaaaaaaaaaaaaaaaaaaaaaaaaaaaaaaaaaaaaaaaaaaaaaaaaaaaaaaaaaaaa", 12

    Number of calls: 0

    [0m [90m 78 |[39m       [36mconst[39m result [33m=[39m [36mawait[39m 
hashPassword(password)[33m;[39m
     [90m 79 |[39m
    [31m[1m>[22m[39m[90m 80 |[39m       
expect(mockBcrypt[33m.[39mhash)[33m.[39mtoHaveBeenCalledWith(password[33m,[39m [35m12[39m)[33m;[39m
     [90m    |[39m                               [31m[1m^[22m[39m
     [90m 81 |[39m       expect(result)[33m.[39mtoBe(hashedPassword)[33m;[39m
     [90m 82 |[39m     })[33m;[39m
     [90m 83 |[39m   })[33m;[39m[0m

      at Object.toHaveBeenCalledWith (__tests__/lib/auth-enhanced.test.ts:80:31)

  ΓùÅ Auth utilities - Enhanced ΓÇ║ verifyPassword ΓÇ║ should verify a correct password

    expect(jest.fn()).toHaveBeenCalledWith(...expected)

    Expected: "testpassword123", "$2a$12$hashedpassword"

    Number of calls: 0

    [0m [90m 92 |[39m       [36mconst[39m result [33m=[39m [36mawait[39m 
verifyPassword(password[33m,[39m hashedPassword)[33m;[39m
     [90m 93 |[39m
    [31m[1m>[22m[39m[90m 94 |[39m       
expect(mockBcrypt[33m.[39mcompare)[33m.[39mtoHaveBeenCalledWith(password[33m,[39m hashedPassword)[33m;[39m
     [90m    |[39m                                  [31m[1m^[22m[39m
     [90m 95 |[39m       expect(result)[33m.[39mtoBe([36mtrue[39m)[33m;[39m
     [90m 96 |[39m     })[33m;[39m
     [90m 97 |[39m[0m

      at Object.toHaveBeenCalledWith (__tests__/lib/auth-enhanced.test.ts:94:34)

  ΓùÅ Auth utilities - Enhanced ΓÇ║ verifyPassword ΓÇ║ should reject an incorrect password

    expect(jest.fn()).toHaveBeenCalledWith(...expected)

    Expected: "wrongpassword", "$2a$12$hashedpassword"

    Number of calls: 0

    [0m [90m 104 |[39m       [36mconst[39m result [33m=[39m [36mawait[39m 
verifyPassword(password[33m,[39m hashedPassword)[33m;[39m
     [90m 105 |[39m
    [31m[1m>[22m[39m[90m 106 |[39m       
expect(mockBcrypt[33m.[39mcompare)[33m.[39mtoHaveBeenCalledWith(password[33m,[39m hashedPassword)[33m;[39m
     [90m     |[39m                                  [31m[1m^[22m[39m
     [90m 107 |[39m       expect(result)[33m.[39mtoBe([36mfalse[39m)[33m;[39m
     [90m 108 |[39m     })[33m;[39m
     [90m 109 |[39m[0m

      at Object.toHaveBeenCalledWith (__tests__/lib/auth-enhanced.test.ts:106:34)

  ΓùÅ Auth utilities - Enhanced ΓÇ║ verifyPassword ΓÇ║ should handle bcrypt comparison errors

    expect(received).rejects.toThrow()

    Received promise resolved instead of rejected
    Resolved to value: false

    [0m [90m 115 |[39m       mockBcrypt[33m.[39mcompare[33m.[39mmockRejectedValue(error [36mas[39m 
never)[33m;[39m
     [90m 116 |[39m
    [31m[1m>[22m[39m[90m 117 |[39m       [36mawait[39m expect(verifyPassword(password[33m,[39m 
hashedPassword))[33m.[39mrejects[33m.[39mtoThrow(
     [90m     |[39m             [31m[1m^[22m[39m
     [90m 118 |[39m         [32m"Bcrypt comparison error"[39m[33m,[39m
     [90m 119 |[39m       )[33m;[39m
     [90m 120 |[39m     })[33m;[39m[0m

      at expect (node_modules/expect/build/index.js:113:15)
      at Object.expect (__tests__/lib/auth-enhanced.test.ts:117:13)

  ΓùÅ Auth utilities - Enhanced ΓÇ║ verifyPassword ΓÇ║ should handle malformed hash

    expect(received).rejects.toThrow()

    Received promise resolved instead of rejected
    Resolved to value: false

    [0m [90m 138 |[39m       mockBcrypt[33m.[39mcompare[33m.[39mmockRejectedValue(error [36mas[39m 
never)[33m;[39m
     [90m 139 |[39m
    [31m[1m>[22m[39m[90m 140 |[39m       [36mawait[39m expect(verifyPassword(password[33m,[39m 
hashedPassword))[33m.[39mrejects[33m.[39mtoThrow(
     [90m     |[39m             [31m[1m^[22m[39m
     [90m 141 |[39m         [32m"Invalid hash format"[39m[33m,[39m
     [90m 142 |[39m       )[33m;[39m
     [90m 143 |[39m     })[33m;[39m[0m

      at expect (node_modules/expect/build/index.js:113:15)
      at Object.expect (__tests__/lib/auth-enhanced.test.ts:140:13)

  ΓùÅ Auth utilities - Enhanced ΓÇ║ generateResetToken ΓÇ║ should generate a random token

    TypeError: (0 , _auth.generateResetToken) is not a function

    [0m [90m 152 |[39m       mockBuffer[33m.[39mtoString [33m=[39m 
jest[33m.[39mfn()[33m.[39mmockReturnValue(mockToken)[33m;[39m
     [90m 153 |[39m
    [31m[1m>[22m[39m[90m 154 |[39m       [36mconst[39m result [33m=[39m generateResetToken()[33m;[39m
     [90m     |[39m                                        [31m[1m^[22m[39m
     [90m 155 |[39m
     [90m 156 |[39m       
expect(mockCrypto[33m.[39mrandomBytes)[33m.[39mtoHaveBeenCalledWith([35m32[39m)[33m;[39m
     [90m 157 |[39m       
expect(mockBuffer[33m.[39mtoString)[33m.[39mtoHaveBeenCalledWith([32m"hex"[39m)[33m;[39m[0m

      at Object.<anonymous> (__tests__/lib/auth-enhanced.test.ts:154:40)

  ΓùÅ Auth utilities - Enhanced ΓÇ║ generateResetToken ΓÇ║ should generate different tokens on multiple calls

    TypeError: (0 , _auth.generateResetToken) is not a function

    [0m [90m 170 |[39m       })[33m;[39m
     [90m 171 |[39m
    [31m[1m>[22m[39m[90m 172 |[39m       [36mconst[39m result1 [33m=[39m generateResetToken()[33m;[39m
     [90m     |[39m                                         [31m[1m^[22m[39m
     [90m 173 |[39m       [36mconst[39m result2 [33m=[39m generateResetToken()[33m;[39m
     [90m 174 |[39m       [36mconst[39m result3 [33m=[39m generateResetToken()[33m;[39m
     [90m 175 |[39m[0m

      at Object.<anonymous> (__tests__/lib/auth-enhanced.test.ts:172:41)

  ΓùÅ Auth utilities - Enhanced ΓÇ║ hashResetToken ΓÇ║ should hash a reset token using SHA256

    TypeError: (0 , _auth.hashResetToken) is not a function

    [0m [90m 193 |[39m       mockCrypto[33m.[39mcreateHash[33m.[39mmockReturnValue(mockHash [36mas[39m 
any)[33m;[39m
     [90m 194 |[39m
    [31m[1m>[22m[39m[90m 195 |[39m       [36mconst[39m result [33m=[39m hashResetToken(token)[33m;[39m
     [90m     |[39m                                    [31m[1m^[22m[39m
     [90m 196 |[39m
     [90m 197 |[39m       
expect(mockCrypto[33m.[39mcreateHash)[33m.[39mtoHaveBeenCalledWith([32m"sha256"[39m)[33m;[39m
     [90m 198 |[39m       expect(mockHash[33m.[39mupdate)[33m.[39mtoHaveBeenCalledWith(token)[33m;[39m[0m

      at Object.<anonymous> (__tests__/lib/auth-enhanced.test.ts:195:36)

  ΓùÅ Auth utilities - Enhanced ΓÇ║ hashResetToken ΓÇ║ should produce consistent hashes for the same token

    TypeError: (0 , _auth.hashResetToken) is not a function

    [0m [90m 212 |[39m       mockCrypto[33m.[39mcreateHash[33m.[39mmockReturnValue(mockHash [36mas[39m 
any)[33m;[39m
     [90m 213 |[39m
    [31m[1m>[22m[39m[90m 214 |[39m       [36mconst[39m result1 [33m=[39m 
hashResetToken(token)[33m;[39m
     [90m     |[39m                                     [31m[1m^[22m[39m
     [90m 215 |[39m       [36mconst[39m result2 [33m=[39m hashResetToken(token)[33m;[39m
     [90m 216 |[39m
     [90m 217 |[39m       expect(result1)[33m.[39mtoBe(hashedToken)[33m;[39m[0m

      at Object.<anonymous> (__tests__/lib/auth-enhanced.test.ts:214:37)

  ΓùÅ Auth utilities - Enhanced ΓÇ║ hashResetToken ΓÇ║ should handle empty token

    TypeError: (0 , _auth.hashResetToken) is not a function

    [0m [90m 231 |[39m       mockCrypto[33m.[39mcreateHash[33m.[39mmockReturnValue(mockHash [36mas[39m 
any)[33m;[39m
     [90m 232 |[39m
    [31m[1m>[22m[39m[90m 233 |[39m       [36mconst[39m result [33m=[39m hashResetToken(token)[33m;[39m
     [90m     |[39m                                    [31m[1m^[22m[39m
     [90m 234 |[39m
     [90m 235 |[39m       
expect(mockHash[33m.[39mupdate)[33m.[39mtoHaveBeenCalledWith([32m""[39m)[33m;[39m
     [90m 236 |[39m       expect(result)[33m.[39mtoBe(hashedToken)[33m;[39m[0m

      at Object.<anonymous> (__tests__/lib/auth-enhanced.test.ts:233:36)

  ΓùÅ Auth utilities - Enhanced ΓÇ║ Deprecated JWT functions ΓÇ║ generateToken (deprecated) ΓÇ║ should throw 
error indicating deprecation

    expect(received).toThrow(expected)

    Expected substring: "generateToken is deprecated. Use NextAuth.js session management instead."

    Received function did not throw

    [0m [90m 247 |[39m         }[33m;[39m
     [90m 248 |[39m
    [31m[1m>[22m[39m[90m 249 |[39m         expect(() [33m=>[39m generateToken(user))[33m.[39mtoThrow(
     [90m     |[39m                                           [31m[1m^[22m[39m
     [90m 250 |[39m           [32m"generateToken is deprecated. Use NextAuth.js session management 
instead."[39m[33m,[39m
     [90m 251 |[39m         )[33m;[39m
     [90m 252 |[39m       })[33m;[39m[0m

      at Object.toThrow (__tests__/lib/auth-enhanced.test.ts:249:43)

  ΓùÅ Auth utilities - Enhanced ΓÇ║ Deprecated JWT functions ΓÇ║ generateToken (deprecated) ΓÇ║ should throw 
error regardless of user data

    expect(received).toThrow(expected)

    Expected substring: "generateToken is deprecated. Use NextAuth.js session management instead."

    Received function did not throw

    [0m [90m 260 |[39m
     [90m 261 |[39m         users[33m.[39mforEach((user) [33m=>[39m {
    [31m[1m>[22m[39m[90m 262 |[39m           expect(() [33m=>[39m generateToken(user))[33m.[39mtoThrow(
     [90m     |[39m                                             [31m[1m^[22m[39m
     [90m 263 |[39m             [32m"generateToken is deprecated. Use NextAuth.js session management 
instead."[39m[33m,[39m
     [90m 264 |[39m           )[33m;[39m
     [90m 265 |[39m         })[33m;[39m[0m

      at toThrow (__tests__/lib/auth-enhanced.test.ts:262:45)
          at Array.forEach (<anonymous>)
      at Object.forEach (__tests__/lib/auth-enhanced.test.ts:261:15)

  ΓùÅ Auth utilities - Enhanced ΓÇ║ Deprecated JWT functions ΓÇ║ verifyToken (deprecated) ΓÇ║ should throw error 
indicating deprecation

    expect(received).toThrow(expected)

    Expected substring: "verifyToken is deprecated. Use NextAuth.js session management instead."

    Received function did not throw

    [0m [90m 271 |[39m         [36mconst[39m token [33m=[39m [32m"valid.jwt.token"[39m[33m;[39m
     [90m 272 |[39m
    [31m[1m>[22m[39m[90m 273 |[39m         expect(() [33m=>[39m verifyToken(token))[33m.[39mtoThrow(
     [90m     |[39m                                          [31m[1m^[22m[39m
     [90m 274 |[39m           [32m"verifyToken is deprecated. Use NextAuth.js session management 
instead."[39m[33m,[39m
     [90m 275 |[39m         )[33m;[39m
     [90m 276 |[39m       })[33m;[39m[0m

      at Object.toThrow (__tests__/lib/auth-enhanced.test.ts:273:42)

  ΓùÅ Auth utilities - Enhanced ΓÇ║ Deprecated JWT functions ΓÇ║ verifyToken (deprecated) ΓÇ║ should throw error 
for any token format

    expect(received).toThrow(expected)

    Expected substring: "verifyToken is deprecated. Use NextAuth.js session management instead."

    Received function did not throw

    [0m [90m 285 |[39m
     [90m 286 |[39m         tokens[33m.[39mforEach((token) [33m=>[39m {
    [31m[1m>[22m[39m[90m 287 |[39m           expect(() [33m=>[39m verifyToken(token))[33m.[39mtoThrow(
     [90m     |[39m                                            [31m[1m^[22m[39m
     [90m 288 |[39m             [32m"verifyToken is deprecated. Use NextAuth.js session management 
instead."[39m[33m,[39m
     [90m 289 |[39m           )[33m;[39m
     [90m 290 |[39m         })[33m;[39m[0m

      at toThrow (__tests__/lib/auth-enhanced.test.ts:287:44)
          at Array.forEach (<anonymous>)
      at Object.forEach (__tests__/lib/auth-enhanced.test.ts:286:16)

  ΓùÅ Auth utilities - Enhanced ΓÇ║ Deprecated JWT functions ΓÇ║ extractTokenFromHeader (deprecated) ΓÇ║ should 
throw error indicating deprecation

    expect(received).toThrow(expected)

    Expected substring: "extractTokenFromHeader is deprecated. Use NextAuth.js session management instead."
    Received message:   "(0 , _auth.extractTokenFromHeader) is not a function"

        [0m [90m 296 |[39m         [36mconst[39m authHeader [33m=[39m [32m"Bearer 
valid.jwt.token"[39m[33m;[39m
         [90m 297 |[39m
        [31m[1m>[22m[39m[90m 298 |[39m         expect(() [33m=>[39m 
extractTokenFromHeader(authHeader))[33m.[39mtoThrow(
         [90m     |[39m                                            [31m[1m^[22m[39m
         [90m 299 |[39m           [32m"extractTokenFromHeader is deprecated. Use NextAuth.js session 
management instead."[39m[33m,[39m
         [90m 300 |[39m         )[33m;[39m
         [90m 301 |[39m       })[33m;[39m[0m

      at __tests__/lib/auth-enhanced.test.ts:298:44
      at Object.<anonymous> (node_modules/expect/build/toThrowMatchers.js:74:11)
      at Object.throwingMatcher [as toThrow] (node_modules/expect/build/index.js:320:21)
      at Object.toThrow (__tests__/lib/auth-enhanced.test.ts:298:58)
      at Object.toThrow (__tests__/lib/auth-enhanced.test.ts:298:58)

  ΓùÅ Auth utilities - Enhanced ΓÇ║ Deprecated JWT functions ΓÇ║ extractTokenFromHeader (deprecated) ΓÇ║ should 
throw error for various header formats

    expect(received).toThrow(expected)

    Expected substring: "extractTokenFromHeader is deprecated. Use NextAuth.js session management instead."
    Received message:   "(0 , _auth.extractTokenFromHeader) is not a function"

        [0m [90m 311 |[39m
         [90m 312 |[39m         headers[33m.[39mforEach((header) [33m=>[39m {
        [31m[1m>[22m[39m[90m 313 |[39m           expect(() [33m=>[39m 
extractTokenFromHeader(header[33m![39m))[33m.[39mtoThrow(
         [90m     |[39m                                              [31m[1m^[22m[39m
         [90m 314 |[39m             [32m"extractTokenFromHeader is deprecated. Use NextAuth.js session 
management instead."[39m[33m,[39m
         [90m 315 |[39m           )[33m;[39m
         [90m 316 |[39m         })[33m;[39m[0m

      at __tests__/lib/auth-enhanced.test.ts:313:46
      at Object.<anonymous> (node_modules/expect/build/toThrowMatchers.js:74:11)
      at Object.throwingMatcher [as toThrow] (node_modules/expect/build/index.js:320:21)
      at toThrow (__tests__/lib/auth-enhanced.test.ts:313:57)
                at Array.forEach (<anonymous>)
      at Object.forEach (__tests__/lib/auth-enhanced.test.ts:312:17)
      at toThrow (__tests__/lib/auth-enhanced.test.ts:313:57)
          at Array.forEach (<anonymous>)
      at Object.forEach (__tests__/lib/auth-enhanced.test.ts:312:17)

  ΓùÅ Auth utilities - Enhanced ΓÇ║ Security considerations ΓÇ║ should use secure salt rounds for password hashing

    expect(jest.fn()).toHaveBeenCalledWith(...expected)

    Expected: "testpassword", 12

    Number of calls: 0

    [0m [90m 327 |[39m
     [90m 328 |[39m       [90m// Verify that salt rounds is 12 (secure)[39m
    [31m[1m>[22m[39m[90m 329 |[39m       
expect(mockBcrypt[33m.[39mhash)[33m.[39mtoHaveBeenCalledWith(password[33m,[39m [35m12[39m)[33m;[39m
     [90m     |[39m                               [31m[1m^[22m[39m
     [90m 330 |[39m     })[33m;[39m
     [90m 331 |[39m
     [90m 332 |[39m     it([32m"should generate cryptographically secure reset tokens"[39m[33m,[39m () 
[33m=>[39m {[0m

      at Object.toHaveBeenCalledWith (__tests__/lib/auth-enhanced.test.ts:329:31)

  ΓùÅ Auth utilities - Enhanced ΓÇ║ Security considerations ΓÇ║ should generate cryptographically secure reset 
tokens

    TypeError: (0 , _auth.generateResetToken) is not a function

    [0m [90m 335 |[39m       mockBuffer[33m.[39mtoString [33m=[39m 
jest[33m.[39mfn()[33m.[39mmockReturnValue([32m"secure-hex-token"[39m)[33m;[39m
     [90m 336 |[39m
    [31m[1m>[22m[39m[90m 337 |[39m       generateResetToken()[33m;[39m
     [90m     |[39m                         [31m[1m^[22m[39m
     [90m 338 |[39m
     [90m 339 |[39m       [90m// Verify using crypto.randomBytes for security[39m
     [90m 340 |[39m       
expect(mockCrypto[33m.[39mrandomBytes)[33m.[39mtoHaveBeenCalledWith([35m32[39m)[33m;[39m[0m

      at Object.<anonymous> (__tests__/lib/auth-enhanced.test.ts:337:25)

  ΓùÅ Auth utilities - Enhanced ΓÇ║ Security considerations ΓÇ║ should use SHA256 for reset token hashing

    TypeError: (0 , _auth.hashResetToken) is not a function

    [0m [90m 348 |[39m       mockCrypto[33m.[39mcreateHash[33m.[39mmockReturnValue(mockHash [36mas[39m 
any)[33m;[39m
     [90m 349 |[39m
    [31m[1m>[22m[39m[90m 350 |[39m       hashResetToken([32m"token"[39m)[33m;[39m
     [90m     |[39m                     [31m[1m^[22m[39m
     [90m 351 |[39m
     [90m 352 |[39m       
expect(mockCrypto[33m.[39mcreateHash)[33m.[39mtoHaveBeenCalledWith([32m"sha256"[39m)[33m;[39m
     [90m 353 |[39m     })[33m;[39m[0m

      at Object.<anonymous> (__tests__/lib/auth-enhanced.test.ts:350:21)

  ΓùÅ Auth utilities - Enhanced ΓÇ║ Error handling ΓÇ║ should propagate crypto errors in generateResetToken

    expect(received).toThrow(expected)

    Expected substring: "Crypto error"
    Received message:   "(0 , _auth.generateResetToken) is not a function"

        [0m [90m 361 |[39m       })[33m;[39m
         [90m 362 |[39m
        [31m[1m>[22m[39m[90m 363 |[39m       expect(() [33m=>[39m 
generateResetToken())[33m.[39mtoThrow([32m"Crypto error"[39m)[33m;[39m
         [90m     |[39m                                      [31m[1m^[22m[39m
         [90m 364 |[39m     })[33m;[39m
         [90m 365 |[39m
         [90m 366 |[39m     it([32m"should propagate crypto errors in hashResetToken"[39m[33m,[39m () 
[33m=>[39m {[0m

      at __tests__/lib/auth-enhanced.test.ts:363:38
      at Object.<anonymous> (node_modules/expect/build/toThrowMatchers.js:74:11)
      at Object.throwingMatcher [as toThrow] (node_modules/expect/build/index.js:320:21)
      at Object.toThrow (__tests__/lib/auth-enhanced.test.ts:363:42)
      at Object.toThrow (__tests__/lib/auth-enhanced.test.ts:363:42)

  ΓùÅ Auth utilities - Enhanced ΓÇ║ Error handling ΓÇ║ should propagate crypto errors in hashResetToken

    expect(received).toThrow(expected)

    Expected substring: "Hash error"
    Received message:   "(0 , _auth.hashResetToken) is not a function"

        [0m [90m 370 |[39m       })[33m;[39m
         [90m 371 |[39m
        [31m[1m>[22m[39m[90m 372 |[39m       expect(() [33m=>[39m 
hashResetToken([32m"token"[39m))[33m.[39mtoThrow([32m"Hash error"[39m)[33m;[39m
         [90m     |[39m                                  [31m[1m^[22m[39m
         [90m 373 |[39m     })[33m;[39m
         [90m 374 |[39m   })[33m;[39m
         [90m 375 |[39m })[33m;[39m[0m

      at __tests__/lib/auth-enhanced.test.ts:372:34
      at Object.<anonymous> (node_modules/expect/build/toThrowMatchers.js:74:11)
      at Object.throwingMatcher [as toThrow] (node_modules/expect/build/index.js:320:21)
      at Object.toThrow (__tests__/lib/auth-enhanced.test.ts:372:45)
      at Object.toThrow (__tests__/lib/auth-enhanced.test.ts:372:45)

FAIL __tests__/api/auth/rate-limiting.test.ts
  ΓùÅ Rate Limiting Integration Tests ΓÇ║ Test Login Endpoint Rate Limiting ΓÇ║ should allow requests within rate 
limit

    TypeError: Cannot read properties of undefined (reading 'resetAll')

    [0m [90m 62 |[39m   beforeEach(() [33m=>[39m {
     [90m 63 |[39m     [90m// Reset rate limiter before each test[39m
    [31m[1m>[22m[39m[90m 64 |[39m     authRateLimiter[33m.[39mresetAll()
     [90m    |[39m                     [31m[1m^[22m[39m
     [90m 65 |[39m     
     [90m 66 |[39m     [90m// Reset all mocks[39m
     [90m 67 |[39m     jest[33m.[39mclearAllMocks()[0m

      at Object.resetAll (__tests__/api/auth/rate-limiting.test.ts:64:21)

  ΓùÅ Rate Limiting Integration Tests ΓÇ║ Test Login Endpoint Rate Limiting ΓÇ║ should allow requests within rate 
limit

    TypeError: Cannot read properties of undefined (reading 'stopCleanup')

    [0m [90m 70 |[39m   afterEach(() [33m=>[39m {
     [90m 71 |[39m     [90m// Clean up rate limiter after each test to prevent hanging[39m
    [31m[1m>[22m[39m[90m 72 |[39m     authRateLimiter[33m.[39mstopCleanup()
     [90m    |[39m                     [31m[1m^[22m[39m
     [90m 73 |[39m     authRateLimiter[33m.[39mresetAll()
     [90m 74 |[39m   })
     [90m 75 |[39m   [0m

      at Object.stopCleanup (__tests__/api/auth/rate-limiting.test.ts:72:21)

  ΓùÅ Rate Limiting Integration Tests ΓÇ║ Test Login Endpoint Rate Limiting ΓÇ║ should block requests after rate 
limit exceeded

    TypeError: Cannot read properties of undefined (reading 'resetAll')

    [0m [90m 62 |[39m   beforeEach(() [33m=>[39m {
     [90m 63 |[39m     [90m// Reset rate limiter before each test[39m
    [31m[1m>[22m[39m[90m 64 |[39m     authRateLimiter[33m.[39mresetAll()
     [90m    |[39m                     [31m[1m^[22m[39m
     [90m 65 |[39m     
     [90m 66 |[39m     [90m// Reset all mocks[39m
     [90m 67 |[39m     jest[33m.[39mclearAllMocks()[0m

      at Object.resetAll (__tests__/api/auth/rate-limiting.test.ts:64:21)

  ΓùÅ Rate Limiting Integration Tests ΓÇ║ Test Login Endpoint Rate Limiting ΓÇ║ should block requests after rate 
limit exceeded

    TypeError: Cannot read properties of undefined (reading 'stopCleanup')

    [0m [90m 70 |[39m   afterEach(() [33m=>[39m {
     [90m 71 |[39m     [90m// Clean up rate limiter after each test to prevent hanging[39m
    [31m[1m>[22m[39m[90m 72 |[39m     authRateLimiter[33m.[39mstopCleanup()
     [90m    |[39m                     [31m[1m^[22m[39m
     [90m 73 |[39m     authRateLimiter[33m.[39mresetAll()
     [90m 74 |[39m   })
     [90m 75 |[39m   [0m

      at Object.stopCleanup (__tests__/api/auth/rate-limiting.test.ts:72:21)

  ΓùÅ Rate Limiting Integration Tests ΓÇ║ Test Login Endpoint Rate Limiting ΓÇ║ should reset rate limit on 
successful authentication

    TypeError: Cannot read properties of undefined (reading 'resetAll')

    [0m [90m 62 |[39m   beforeEach(() [33m=>[39m {
     [90m 63 |[39m     [90m// Reset rate limiter before each test[39m
    [31m[1m>[22m[39m[90m 64 |[39m     authRateLimiter[33m.[39mresetAll()
     [90m    |[39m                     [31m[1m^[22m[39m
     [90m 65 |[39m     
     [90m 66 |[39m     [90m// Reset all mocks[39m
     [90m 67 |[39m     jest[33m.[39mclearAllMocks()[0m

      at Object.resetAll (__tests__/api/auth/rate-limiting.test.ts:64:21)

  ΓùÅ Rate Limiting Integration Tests ΓÇ║ Test Login Endpoint Rate Limiting ΓÇ║ should reset rate limit on 
successful authentication

    TypeError: Cannot read properties of undefined (reading 'stopCleanup')

    [0m [90m 70 |[39m   afterEach(() [33m=>[39m {
     [90m 71 |[39m     [90m// Clean up rate limiter after each test to prevent hanging[39m
    [31m[1m>[22m[39m[90m 72 |[39m     authRateLimiter[33m.[39mstopCleanup()
     [90m    |[39m                     [31m[1m^[22m[39m
     [90m 73 |[39m     authRateLimiter[33m.[39mresetAll()
     [90m 74 |[39m   })
     [90m 75 |[39m   [0m

      at Object.stopCleanup (__tests__/api/auth/rate-limiting.test.ts:72:21)

  ΓùÅ Rate Limiting Integration Tests ΓÇ║ Rate Limit Statistics Endpoint ΓÇ║ should return rate limiting 
statistics

    TypeError: Cannot read properties of undefined (reading 'resetAll')

    [0m [90m 62 |[39m   beforeEach(() [33m=>[39m {
     [90m 63 |[39m     [90m// Reset rate limiter before each test[39m
    [31m[1m>[22m[39m[90m 64 |[39m     authRateLimiter[33m.[39mresetAll()
     [90m    |[39m                     [31m[1m^[22m[39m
     [90m 65 |[39m     
     [90m 66 |[39m     [90m// Reset all mocks[39m
     [90m 67 |[39m     jest[33m.[39mclearAllMocks()[0m

      at Object.resetAll (__tests__/api/auth/rate-limiting.test.ts:64:21)

  ΓùÅ Rate Limiting Integration Tests ΓÇ║ Rate Limit Statistics Endpoint ΓÇ║ should return rate limiting 
statistics

    TypeError: Cannot read properties of undefined (reading 'stopCleanup')

    [0m [90m 70 |[39m   afterEach(() [33m=>[39m {
     [90m 71 |[39m     [90m// Clean up rate limiter after each test to prevent hanging[39m
    [31m[1m>[22m[39m[90m 72 |[39m     authRateLimiter[33m.[39mstopCleanup()
     [90m    |[39m                     [31m[1m^[22m[39m
     [90m 73 |[39m     authRateLimiter[33m.[39mresetAll()
     [90m 74 |[39m   })
     [90m 75 |[39m   [0m

      at Object.stopCleanup (__tests__/api/auth/rate-limiting.test.ts:72:21)

  ΓùÅ Rate Limiting Integration Tests ΓÇ║ Rate Limit Statistics Endpoint ΓÇ║ should require admin authentication

    TypeError: Cannot read properties of undefined (reading 'resetAll')

    [0m [90m 62 |[39m   beforeEach(() [33m=>[39m {
     [90m 63 |[39m     [90m// Reset rate limiter before each test[39m
    [31m[1m>[22m[39m[90m 64 |[39m     authRateLimiter[33m.[39mresetAll()
     [90m    |[39m                     [31m[1m^[22m[39m
     [90m 65 |[39m     
     [90m 66 |[39m     [90m// Reset all mocks[39m
     [90m 67 |[39m     jest[33m.[39mclearAllMocks()[0m

      at Object.resetAll (__tests__/api/auth/rate-limiting.test.ts:64:21)

  ΓùÅ Rate Limiting Integration Tests ΓÇ║ Rate Limit Statistics Endpoint ΓÇ║ should require admin authentication

    TypeError: Cannot read properties of undefined (reading 'stopCleanup')

    [0m [90m 70 |[39m   afterEach(() [33m=>[39m {
     [90m 71 |[39m     [90m// Clean up rate limiter after each test to prevent hanging[39m
    [31m[1m>[22m[39m[90m 72 |[39m     authRateLimiter[33m.[39mstopCleanup()
     [90m    |[39m                     [31m[1m^[22m[39m
     [90m 73 |[39m     authRateLimiter[33m.[39mresetAll()
     [90m 74 |[39m   })
     [90m 75 |[39m   [0m

      at Object.stopCleanup (__tests__/api/auth/rate-limiting.test.ts:72:21)

  ΓùÅ Rate Limiting Integration Tests ΓÇ║ Rate Limit Reset Functionality ΓÇ║ should reset all rate limits

    TypeError: Cannot read properties of undefined (reading 'resetAll')

    [0m [90m 62 |[39m   beforeEach(() [33m=>[39m {
     [90m 63 |[39m     [90m// Reset rate limiter before each test[39m
    [31m[1m>[22m[39m[90m 64 |[39m     authRateLimiter[33m.[39mresetAll()
     [90m    |[39m                     [31m[1m^[22m[39m
     [90m 65 |[39m     
     [90m 66 |[39m     [90m// Reset all mocks[39m
     [90m 67 |[39m     jest[33m.[39mclearAllMocks()[0m

      at Object.resetAll (__tests__/api/auth/rate-limiting.test.ts:64:21)

  ΓùÅ Rate Limiting Integration Tests ΓÇ║ Rate Limit Reset Functionality ΓÇ║ should reset all rate limits

    TypeError: Cannot read properties of undefined (reading 'stopCleanup')

    [0m [90m 70 |[39m   afterEach(() [33m=>[39m {
     [90m 71 |[39m     [90m// Clean up rate limiter after each test to prevent hanging[39m
    [31m[1m>[22m[39m[90m 72 |[39m     authRateLimiter[33m.[39mstopCleanup()
     [90m    |[39m                     [31m[1m^[22m[39m
     [90m 73 |[39m     authRateLimiter[33m.[39mresetAll()
     [90m 74 |[39m   })
     [90m 75 |[39m   [0m

      at Object.stopCleanup (__tests__/api/auth/rate-limiting.test.ts:72:21)

  ΓùÅ Rate Limiting Integration Tests ΓÇ║ Rate Limit Reset Functionality ΓÇ║ should reset specific rate limit

    TypeError: Cannot read properties of undefined (reading 'resetAll')

    [0m [90m 62 |[39m   beforeEach(() [33m=>[39m {
     [90m 63 |[39m     [90m// Reset rate limiter before each test[39m
    [31m[1m>[22m[39m[90m 64 |[39m     authRateLimiter[33m.[39mresetAll()
     [90m    |[39m                     [31m[1m^[22m[39m
     [90m 65 |[39m     
     [90m 66 |[39m     [90m// Reset all mocks[39m
     [90m 67 |[39m     jest[33m.[39mclearAllMocks()[0m

      at Object.resetAll (__tests__/api/auth/rate-limiting.test.ts:64:21)

  ΓùÅ Rate Limiting Integration Tests ΓÇ║ Rate Limit Reset Functionality ΓÇ║ should reset specific rate limit

    TypeError: Cannot read properties of undefined (reading 'stopCleanup')

    [0m [90m 70 |[39m   afterEach(() [33m=>[39m {
     [90m 71 |[39m     [90m// Clean up rate limiter after each test to prevent hanging[39m
    [31m[1m>[22m[39m[90m 72 |[39m     authRateLimiter[33m.[39mstopCleanup()
     [90m    |[39m                     [31m[1m^[22m[39m
     [90m 73 |[39m     authRateLimiter[33m.[39mresetAll()
     [90m 74 |[39m   })
     [90m 75 |[39m   [0m

      at Object.stopCleanup (__tests__/api/auth/rate-limiting.test.ts:72:21)

  ΓùÅ Rate Limiting Integration Tests ΓÇ║ Rate Limit Reset Functionality ΓÇ║ should validate email parameter for 
specific reset

    TypeError: Cannot read properties of undefined (reading 'resetAll')

    [0m [90m 62 |[39m   beforeEach(() [33m=>[39m {
     [90m 63 |[39m     [90m// Reset rate limiter before each test[39m
    [31m[1m>[22m[39m[90m 64 |[39m     authRateLimiter[33m.[39mresetAll()
     [90m    |[39m                     [31m[1m^[22m[39m
     [90m 65 |[39m     
     [90m 66 |[39m     [90m// Reset all mocks[39m
     [90m 67 |[39m     jest[33m.[39mclearAllMocks()[0m

      at Object.resetAll (__tests__/api/auth/rate-limiting.test.ts:64:21)

  ΓùÅ Rate Limiting Integration Tests ΓÇ║ Rate Limit Reset Functionality ΓÇ║ should validate email parameter for 
specific reset

    TypeError: Cannot read properties of undefined (reading 'stopCleanup')

    [0m [90m 70 |[39m   afterEach(() [33m=>[39m {
     [90m 71 |[39m     [90m// Clean up rate limiter after each test to prevent hanging[39m
    [31m[1m>[22m[39m[90m 72 |[39m     authRateLimiter[33m.[39mstopCleanup()
     [90m    |[39m                     [31m[1m^[22m[39m
     [90m 73 |[39m     authRateLimiter[33m.[39mresetAll()
     [90m 74 |[39m   })
     [90m 75 |[39m   [0m

      at Object.stopCleanup (__tests__/api/auth/rate-limiting.test.ts:72:21)


  ΓùÅ Test suite failed to run

    TypeError: Cannot read properties of undefined (reading 'stopCleanup')

    [0m [90m 76 |[39m   afterAll(() [33m=>[39m {
     [90m 77 |[39m     [90m// Final cleanup to prevent hanging[39m
    [31m[1m>[22m[39m[90m 78 |[39m     authRateLimiter[33m.[39mstopCleanup()
     [90m    |[39m                     [31m[1m^[22m[39m
     [90m 79 |[39m     authRateLimiter[33m.[39mresetAll()
     [90m 80 |[39m   })
     [90m 81 |[39m[0m

      at Object.stopCleanup (__tests__/api/auth/rate-limiting.test.ts:78:21)

FAIL __tests__/lib/rate-limiting.test.ts
  ΓùÅ RateLimiter ΓÇ║ Basic Rate Limiting ΓÇ║ should allow requests within limit

    TypeError: _ratelimiting.default is not a constructor

    [0m [90m 49 |[39m   beforeEach(() [33m=>[39m {
     [90m 50 |[39m     [90m// Create a new rate limiter for each test with test config[39m
    [31m[1m>[22m[39m[90m 51 |[39m     rateLimiter [33m=[39m [36mnew[39m [33mRateLimiter[39m({
     [90m    |[39m                   [31m[1m^[22m[39m
     [90m 52 |[39m       windowMs[33m:[39m [35m60000[39m[33m,[39m [90m// 1 minute[39m
     [90m 53 |[39m       maxAttempts[33m:[39m [35m3[39m   [90m// 3 attempts[39m
     [90m 54 |[39m     })[0m

      at Object.<anonymous> (__tests__/lib/rate-limiting.test.ts:51:19)

  ΓùÅ RateLimiter ΓÇ║ Basic Rate Limiting ΓÇ║ should allow requests within limit

    TypeError: Cannot read properties of undefined (reading 'stopCleanup')

    [0m [90m 57 |[39m   afterEach(() [33m=>[39m {
     [90m 58 |[39m     [90m// Clean up[39m
    [31m[1m>[22m[39m[90m 59 |[39m     rateLimiter[33m.[39mstopCleanup()
     [90m    |[39m                 [31m[1m^[22m[39m
     [90m 60 |[39m     rateLimiter[33m.[39mresetAll()
     [90m 61 |[39m   })
     [90m 62 |[39m   [0m

      at Object.stopCleanup (__tests__/lib/rate-limiting.test.ts:59:17)

  ΓùÅ RateLimiter ΓÇ║ Basic Rate Limiting ΓÇ║ should block requests after limit exceeded

    TypeError: _ratelimiting.default is not a constructor

    [0m [90m 49 |[39m   beforeEach(() [33m=>[39m {
     [90m 50 |[39m     [90m// Create a new rate limiter for each test with test config[39m
    [31m[1m>[22m[39m[90m 51 |[39m     rateLimiter [33m=[39m [36mnew[39m [33mRateLimiter[39m({
     [90m    |[39m                   [31m[1m^[22m[39m
     [90m 52 |[39m       windowMs[33m:[39m [35m60000[39m[33m,[39m [90m// 1 minute[39m
     [90m 53 |[39m       maxAttempts[33m:[39m [35m3[39m   [90m// 3 attempts[39m
     [90m 54 |[39m     })[0m

      at Object.<anonymous> (__tests__/lib/rate-limiting.test.ts:51:19)

  ΓùÅ RateLimiter ΓÇ║ Basic Rate Limiting ΓÇ║ should block requests after limit exceeded

    TypeError: Cannot read properties of undefined (reading 'stopCleanup')

    [0m [90m 57 |[39m   afterEach(() [33m=>[39m {
     [90m 58 |[39m     [90m// Clean up[39m
    [31m[1m>[22m[39m[90m 59 |[39m     rateLimiter[33m.[39mstopCleanup()
     [90m    |[39m                 [31m[1m^[22m[39m
     [90m 60 |[39m     rateLimiter[33m.[39mresetAll()
     [90m 61 |[39m   })
     [90m 62 |[39m   [0m

      at Object.stopCleanup (__tests__/lib/rate-limiting.test.ts:59:17)

  ΓùÅ RateLimiter ΓÇ║ Basic Rate Limiting ΓÇ║ should track different identifiers separately

    TypeError: _ratelimiting.default is not a constructor

    [0m [90m 49 |[39m   beforeEach(() [33m=>[39m {
     [90m 50 |[39m     [90m// Create a new rate limiter for each test with test config[39m
    [31m[1m>[22m[39m[90m 51 |[39m     rateLimiter [33m=[39m [36mnew[39m [33mRateLimiter[39m({
     [90m    |[39m                   [31m[1m^[22m[39m
     [90m 52 |[39m       windowMs[33m:[39m [35m60000[39m[33m,[39m [90m// 1 minute[39m
     [90m 53 |[39m       maxAttempts[33m:[39m [35m3[39m   [90m// 3 attempts[39m
     [90m 54 |[39m     })[0m

      at Object.<anonymous> (__tests__/lib/rate-limiting.test.ts:51:19)

  ΓùÅ RateLimiter ΓÇ║ Basic Rate Limiting ΓÇ║ should track different identifiers separately

    TypeError: Cannot read properties of undefined (reading 'stopCleanup')

    [0m [90m 57 |[39m   afterEach(() [33m=>[39m {
     [90m 58 |[39m     [90m// Clean up[39m
    [31m[1m>[22m[39m[90m 59 |[39m     rateLimiter[33m.[39mstopCleanup()
     [90m    |[39m                 [31m[1m^[22m[39m
     [90m 60 |[39m     rateLimiter[33m.[39mresetAll()
     [90m 61 |[39m   })
     [90m 62 |[39m   [0m

      at Object.stopCleanup (__tests__/lib/rate-limiting.test.ts:59:17)

  ΓùÅ RateLimiter ΓÇ║ Basic Rate Limiting ΓÇ║ should track different IPs separately

    TypeError: _ratelimiting.default is not a constructor

    [0m [90m 49 |[39m   beforeEach(() [33m=>[39m {
     [90m 50 |[39m     [90m// Create a new rate limiter for each test with test config[39m
    [31m[1m>[22m[39m[90m 51 |[39m     rateLimiter [33m=[39m [36mnew[39m [33mRateLimiter[39m({
     [90m    |[39m                   [31m[1m^[22m[39m
     [90m 52 |[39m       windowMs[33m:[39m [35m60000[39m[33m,[39m [90m// 1 minute[39m
     [90m 53 |[39m       maxAttempts[33m:[39m [35m3[39m   [90m// 3 attempts[39m
     [90m 54 |[39m     })[0m

      at Object.<anonymous> (__tests__/lib/rate-limiting.test.ts:51:19)

  ΓùÅ RateLimiter ΓÇ║ Basic Rate Limiting ΓÇ║ should track different IPs separately

    TypeError: Cannot read properties of undefined (reading 'stopCleanup')

    [0m [90m 57 |[39m   afterEach(() [33m=>[39m {
     [90m 58 |[39m     [90m// Clean up[39m
    [31m[1m>[22m[39m[90m 59 |[39m     rateLimiter[33m.[39mstopCleanup()
     [90m    |[39m                 [31m[1m^[22m[39m
     [90m 60 |[39m     rateLimiter[33m.[39mresetAll()
     [90m 61 |[39m   })
     [90m 62 |[39m   [0m

      at Object.stopCleanup (__tests__/lib/rate-limiting.test.ts:59:17)

  ΓùÅ RateLimiter ΓÇ║ checkStatus Method ΓÇ║ should check status without incrementing

    TypeError: _ratelimiting.default is not a constructor

    [0m [90m 49 |[39m   beforeEach(() [33m=>[39m {
     [90m 50 |[39m     [90m// Create a new rate limiter for each test with test config[39m
    [31m[1m>[22m[39m[90m 51 |[39m     rateLimiter [33m=[39m [36mnew[39m [33mRateLimiter[39m({
     [90m    |[39m                   [31m[1m^[22m[39m
     [90m 52 |[39m       windowMs[33m:[39m [35m60000[39m[33m,[39m [90m// 1 minute[39m
     [90m 53 |[39m       maxAttempts[33m:[39m [35m3[39m   [90m// 3 attempts[39m
     [90m 54 |[39m     })[0m

      at Object.<anonymous> (__tests__/lib/rate-limiting.test.ts:51:19)

  ΓùÅ RateLimiter ΓÇ║ checkStatus Method ΓÇ║ should check status without incrementing

    TypeError: Cannot read properties of undefined (reading 'stopCleanup')

    [0m [90m 57 |[39m   afterEach(() [33m=>[39m {
     [90m 58 |[39m     [90m// Clean up[39m
    [31m[1m>[22m[39m[90m 59 |[39m     rateLimiter[33m.[39mstopCleanup()
     [90m    |[39m                 [31m[1m^[22m[39m
     [90m 60 |[39m     rateLimiter[33m.[39mresetAll()
     [90m 61 |[39m   })
     [90m 62 |[39m   [0m

      at Object.stopCleanup (__tests__/lib/rate-limiting.test.ts:59:17)

  ΓùÅ RateLimiter ΓÇ║ checkStatus Method ΓÇ║ should return correct status for blocked identifier

    TypeError: _ratelimiting.default is not a constructor

    [0m [90m 49 |[39m   beforeEach(() [33m=>[39m {
     [90m 50 |[39m     [90m// Create a new rate limiter for each test with test config[39m
    [31m[1m>[22m[39m[90m 51 |[39m     rateLimiter [33m=[39m [36mnew[39m [33mRateLimiter[39m({
     [90m    |[39m                   [31m[1m^[22m[39m
     [90m 52 |[39m       windowMs[33m:[39m [35m60000[39m[33m,[39m [90m// 1 minute[39m
     [90m 53 |[39m       maxAttempts[33m:[39m [35m3[39m   [90m// 3 attempts[39m
     [90m 54 |[39m     })[0m

      at Object.<anonymous> (__tests__/lib/rate-limiting.test.ts:51:19)

  ΓùÅ RateLimiter ΓÇ║ checkStatus Method ΓÇ║ should return correct status for blocked identifier

    TypeError: Cannot read properties of undefined (reading 'stopCleanup')

    [0m [90m 57 |[39m   afterEach(() [33m=>[39m {
     [90m 58 |[39m     [90m// Clean up[39m
    [31m[1m>[22m[39m[90m 59 |[39m     rateLimiter[33m.[39mstopCleanup()
     [90m    |[39m                 [31m[1m^[22m[39m
     [90m 60 |[39m     rateLimiter[33m.[39mresetAll()
     [90m 61 |[39m   })
     [90m 62 |[39m   [0m

      at Object.stopCleanup (__tests__/lib/rate-limiting.test.ts:59:17)

  ΓùÅ RateLimiter ΓÇ║ Window Expiration ΓÇ║ should reset after window expires

    TypeError: _ratelimiting.default is not a constructor

    [0m [90m 49 |[39m   beforeEach(() [33m=>[39m {
     [90m 50 |[39m     [90m// Create a new rate limiter for each test with test config[39m
    [31m[1m>[22m[39m[90m 51 |[39m     rateLimiter [33m=[39m [36mnew[39m [33mRateLimiter[39m({
     [90m    |[39m                   [31m[1m^[22m[39m
     [90m 52 |[39m       windowMs[33m:[39m [35m60000[39m[33m,[39m [90m// 1 minute[39m
     [90m 53 |[39m       maxAttempts[33m:[39m [35m3[39m   [90m// 3 attempts[39m
     [90m 54 |[39m     })[0m

      at Object.<anonymous> (__tests__/lib/rate-limiting.test.ts:51:19)

  ΓùÅ RateLimiter ΓÇ║ Window Expiration ΓÇ║ should reset after window expires

    TypeError: Cannot read properties of undefined (reading 'stopCleanup')

    [0m [90m 57 |[39m   afterEach(() [33m=>[39m {
     [90m 58 |[39m     [90m// Clean up[39m
    [31m[1m>[22m[39m[90m 59 |[39m     rateLimiter[33m.[39mstopCleanup()
     [90m    |[39m                 [31m[1m^[22m[39m
     [90m 60 |[39m     rateLimiter[33m.[39mresetAll()
     [90m 61 |[39m   })
     [90m 62 |[39m   [0m

      at Object.stopCleanup (__tests__/lib/rate-limiting.test.ts:59:17)

  ΓùÅ RateLimiter ΓÇ║ Reset Functionality ΓÇ║ should reset specific identifier

    TypeError: _ratelimiting.default is not a constructor

    [0m [90m 49 |[39m   beforeEach(() [33m=>[39m {
     [90m 50 |[39m     [90m// Create a new rate limiter for each test with test config[39m
    [31m[1m>[22m[39m[90m 51 |[39m     rateLimiter [33m=[39m [36mnew[39m [33mRateLimiter[39m({
     [90m    |[39m                   [31m[1m^[22m[39m
     [90m 52 |[39m       windowMs[33m:[39m [35m60000[39m[33m,[39m [90m// 1 minute[39m
     [90m 53 |[39m       maxAttempts[33m:[39m [35m3[39m   [90m// 3 attempts[39m
     [90m 54 |[39m     })[0m

      at Object.<anonymous> (__tests__/lib/rate-limiting.test.ts:51:19)

  ΓùÅ RateLimiter ΓÇ║ Reset Functionality ΓÇ║ should reset specific identifier

    TypeError: Cannot read properties of undefined (reading 'stopCleanup')

    [0m [90m 57 |[39m   afterEach(() [33m=>[39m {
     [90m 58 |[39m     [90m// Clean up[39m
    [31m[1m>[22m[39m[90m 59 |[39m     rateLimiter[33m.[39mstopCleanup()
     [90m    |[39m                 [31m[1m^[22m[39m
     [90m 60 |[39m     rateLimiter[33m.[39mresetAll()
     [90m 61 |[39m   })
     [90m 62 |[39m   [0m

      at Object.stopCleanup (__tests__/lib/rate-limiting.test.ts:59:17)

  ΓùÅ RateLimiter ΓÇ║ Reset Functionality ΓÇ║ should reset all identifiers

    TypeError: _ratelimiting.default is not a constructor

    [0m [90m 49 |[39m   beforeEach(() [33m=>[39m {
     [90m 50 |[39m     [90m// Create a new rate limiter for each test with test config[39m
    [31m[1m>[22m[39m[90m 51 |[39m     rateLimiter [33m=[39m [36mnew[39m [33mRateLimiter[39m({
     [90m    |[39m                   [31m[1m^[22m[39m
     [90m 52 |[39m       windowMs[33m:[39m [35m60000[39m[33m,[39m [90m// 1 minute[39m
     [90m 53 |[39m       maxAttempts[33m:[39m [35m3[39m   [90m// 3 attempts[39m
     [90m 54 |[39m     })[0m

      at Object.<anonymous> (__tests__/lib/rate-limiting.test.ts:51:19)

  ΓùÅ RateLimiter ΓÇ║ Reset Functionality ΓÇ║ should reset all identifiers

    TypeError: Cannot read properties of undefined (reading 'stopCleanup')

    [0m [90m 57 |[39m   afterEach(() [33m=>[39m {
     [90m 58 |[39m     [90m// Clean up[39m
    [31m[1m>[22m[39m[90m 59 |[39m     rateLimiter[33m.[39mstopCleanup()
     [90m    |[39m                 [31m[1m^[22m[39m
     [90m 60 |[39m     rateLimiter[33m.[39mresetAll()
     [90m 61 |[39m   })
     [90m 62 |[39m   [0m

      at Object.stopCleanup (__tests__/lib/rate-limiting.test.ts:59:17)

  ΓùÅ RateLimiter ΓÇ║ Successful Attempt Handling ΓÇ║ should reset counter on successful attempt

    TypeError: _ratelimiting.default is not a constructor

    [0m [90m 49 |[39m   beforeEach(() [33m=>[39m {
     [90m 50 |[39m     [90m// Create a new rate limiter for each test with test config[39m
    [31m[1m>[22m[39m[90m 51 |[39m     rateLimiter [33m=[39m [36mnew[39m [33mRateLimiter[39m({
     [90m    |[39m                   [31m[1m^[22m[39m
     [90m 52 |[39m       windowMs[33m:[39m [35m60000[39m[33m,[39m [90m// 1 minute[39m
     [90m 53 |[39m       maxAttempts[33m:[39m [35m3[39m   [90m// 3 attempts[39m
     [90m 54 |[39m     })[0m

      at Object.<anonymous> (__tests__/lib/rate-limiting.test.ts:51:19)

  ΓùÅ RateLimiter ΓÇ║ Successful Attempt Handling ΓÇ║ should reset counter on successful attempt

    TypeError: Cannot read properties of undefined (reading 'stopCleanup')

    [0m [90m 57 |[39m   afterEach(() [33m=>[39m {
     [90m 58 |[39m     [90m// Clean up[39m
    [31m[1m>[22m[39m[90m 59 |[39m     rateLimiter[33m.[39mstopCleanup()
     [90m    |[39m                 [31m[1m^[22m[39m
     [90m 60 |[39m     rateLimiter[33m.[39mresetAll()
     [90m 61 |[39m   })
     [90m 62 |[39m   [0m

      at Object.stopCleanup (__tests__/lib/rate-limiting.test.ts:59:17)

  ΓùÅ RateLimiter ΓÇ║ Statistics ΓÇ║ should provide accurate statistics

    TypeError: _ratelimiting.default is not a constructor

    [0m [90m 49 |[39m   beforeEach(() [33m=>[39m {
     [90m 50 |[39m     [90m// Create a new rate limiter for each test with test config[39m
    [31m[1m>[22m[39m[90m 51 |[39m     rateLimiter [33m=[39m [36mnew[39m [33mRateLimiter[39m({
     [90m    |[39m                   [31m[1m^[22m[39m
     [90m 52 |[39m       windowMs[33m:[39m [35m60000[39m[33m,[39m [90m// 1 minute[39m
     [90m 53 |[39m       maxAttempts[33m:[39m [35m3[39m   [90m// 3 attempts[39m
     [90m 54 |[39m     })[0m

      at Object.<anonymous> (__tests__/lib/rate-limiting.test.ts:51:19)

  ΓùÅ RateLimiter ΓÇ║ Statistics ΓÇ║ should provide accurate statistics

    TypeError: Cannot read properties of undefined (reading 'stopCleanup')

    [0m [90m 57 |[39m   afterEach(() [33m=>[39m {
     [90m 58 |[39m     [90m// Clean up[39m
    [31m[1m>[22m[39m[90m 59 |[39m     rateLimiter[33m.[39mstopCleanup()
     [90m    |[39m                 [31m[1m^[22m[39m
     [90m 60 |[39m     rateLimiter[33m.[39mresetAll()
     [90m 61 |[39m   })
     [90m 62 |[39m   [0m

      at Object.stopCleanup (__tests__/lib/rate-limiting.test.ts:59:17)

  ΓùÅ RateLimiter ΓÇ║ isBlocked Method ΓÇ║ should correctly identify blocked identifiers

    TypeError: _ratelimiting.default is not a constructor

    [0m [90m 49 |[39m   beforeEach(() [33m=>[39m {
     [90m 50 |[39m     [90m// Create a new rate limiter for each test with test config[39m
    [31m[1m>[22m[39m[90m 51 |[39m     rateLimiter [33m=[39m [36mnew[39m [33mRateLimiter[39m({
     [90m    |[39m                   [31m[1m^[22m[39m
     [90m 52 |[39m       windowMs[33m:[39m [35m60000[39m[33m,[39m [90m// 1 minute[39m
     [90m 53 |[39m       maxAttempts[33m:[39m [35m3[39m   [90m// 3 attempts[39m
     [90m 54 |[39m     })[0m

      at Object.<anonymous> (__tests__/lib/rate-limiting.test.ts:51:19)

  ΓùÅ RateLimiter ΓÇ║ isBlocked Method ΓÇ║ should correctly identify blocked identifiers

    TypeError: Cannot read properties of undefined (reading 'stopCleanup')

    [0m [90m 57 |[39m   afterEach(() [33m=>[39m {
     [90m 58 |[39m     [90m// Clean up[39m
    [31m[1m>[22m[39m[90m 59 |[39m     rateLimiter[33m.[39mstopCleanup()
     [90m    |[39m                 [31m[1m^[22m[39m
     [90m 60 |[39m     rateLimiter[33m.[39mresetAll()
     [90m 61 |[39m   })
     [90m 62 |[39m   [0m

      at Object.stopCleanup (__tests__/lib/rate-limiting.test.ts:59:17)

  ΓùÅ Auth Rate Limiting Functions ΓÇ║ checkAuthRateLimit should work correctly

    TypeError: Cannot read properties of undefined (reading 'resetAll')

    [0m [90m 284 |[39m describe([32m'Auth Rate Limiting Functions'[39m[33m,[39m () [33m=>[39m {
     [90m 285 |[39m   beforeEach(() [33m=>[39m {
    [31m[1m>[22m[39m[90m 286 |[39m     authRateLimiter[33m.[39mresetAll()
     [90m     |[39m                     [31m[1m^[22m[39m
     [90m 287 |[39m   })
     [90m 288 |[39m
     [90m 289 |[39m   test([32m'checkAuthRateLimit should work correctly'[39m[33m,[39m [36masync[39m () 
[33m=>[39m {[0m

      at Object.resetAll (__tests__/lib/rate-limiting.test.ts:286:21)

  ΓùÅ Auth Rate Limiting Functions ΓÇ║ recordFailedAuth should increment attempts

    TypeError: Cannot read properties of undefined (reading 'resetAll')

    [0m [90m 284 |[39m describe([32m'Auth Rate Limiting Functions'[39m[33m,[39m () [33m=>[39m {
     [90m 285 |[39m   beforeEach(() [33m=>[39m {
    [31m[1m>[22m[39m[90m 286 |[39m     authRateLimiter[33m.[39mresetAll()
     [90m     |[39m                     [31m[1m^[22m[39m
     [90m 287 |[39m   })
     [90m 288 |[39m
     [90m 289 |[39m   test([32m'checkAuthRateLimit should work correctly'[39m[33m,[39m [36masync[39m () 
[33m=>[39m {[0m

      at Object.resetAll (__tests__/lib/rate-limiting.test.ts:286:21)

  ΓùÅ Auth Rate Limiting Functions ΓÇ║ recordSuccessfulAuth should reset attempts

    TypeError: Cannot read properties of undefined (reading 'resetAll')

    [0m [90m 284 |[39m describe([32m'Auth Rate Limiting Functions'[39m[33m,[39m () [33m=>[39m {
     [90m 285 |[39m   beforeEach(() [33m=>[39m {
    [31m[1m>[22m[39m[90m 286 |[39m     authRateLimiter[33m.[39mresetAll()
     [90m     |[39m                     [31m[1m^[22m[39m
     [90m 287 |[39m   })
     [90m 288 |[39m
     [90m 289 |[39m   test([32m'checkAuthRateLimit should work correctly'[39m[33m,[39m [36masync[39m () 
[33m=>[39m {[0m

      at Object.resetAll (__tests__/lib/rate-limiting.test.ts:286:21)

  ΓùÅ Auth Rate Limiting Functions ΓÇ║ isAuthBlocked should work correctly

    TypeError: Cannot read properties of undefined (reading 'resetAll')

    [0m [90m 284 |[39m describe([32m'Auth Rate Limiting Functions'[39m[33m,[39m () [33m=>[39m {
     [90m 285 |[39m   beforeEach(() [33m=>[39m {
    [31m[1m>[22m[39m[90m 286 |[39m     authRateLimiter[33m.[39mresetAll()
     [90m     |[39m                     [31m[1m^[22m[39m
     [90m 287 |[39m   })
     [90m 288 |[39m
     [90m 289 |[39m   test([32m'checkAuthRateLimit should work correctly'[39m[33m,[39m [36masync[39m () 
[33m=>[39m {[0m

      at Object.resetAll (__tests__/lib/rate-limiting.test.ts:286:21)

  ΓùÅ createRateLimitError ΓÇ║ should create proper error response

    expect(received).toBe(expected) // Object.is equality

    Expected: "Too many authentication attempts. Please try again later."
    Received: undefined

    [0m [90m 334 |[39m     
     [90m 335 |[39m     expect(error[33m.[39msuccess)[33m.[39mtoBe([36mfalse[39m)
    [31m[1m>[22m[39m[90m 336 |[39m     expect(error[33m.[39merror)[33m.[39mtoBe([32m'Too many 
authentication attempts. Please try again later.'[39m)
     [90m     |[39m                         [31m[1m^[22m[39m
     [90m 337 |[39m     expect(error[33m.[39mcode)[33m.[39mtoBe([32m'RATE_LIMITED'[39m)
     [90m 338 |[39m     expect(error[33m.[39mrateLimitInfo[33m.[39mremaining)[33m.[39mtoBe([35m0[39m)
     [90m 339 |[39m     
expect(error[33m.[39mrateLimitInfo[33m.[39mtotalAttempts)[33m.[39mtoBe([35m5[39m)[0m

      at Object.toBe (__tests__/lib/rate-limiting.test.ts:336:25)


  ΓùÅ Test suite failed to run

    TypeError: Cannot read properties of undefined (reading 'stopCleanup')

    [0m [90m 63 |[39m   afterAll(() [33m=>[39m {
     [90m 64 |[39m     [90m// Ensure all rate limiters are cleaned up[39m
    [31m[1m>[22m[39m[90m 65 |[39m     authRateLimiter[33m.[39mstopCleanup()
     [90m    |[39m                     [31m[1m^[22m[39m
     [90m 66 |[39m     authRateLimiter[33m.[39mresetAll()
     [90m 67 |[39m   })
     [90m 68 |[39m[0m

      at Object.stopCleanup (__tests__/lib/rate-limiting.test.ts:65:21)

FAIL __tests__/api/auth/login.integration.test.ts
  /api/auth/test-login Integration Tests
    POST /api/auth/test-login
      ├ù should authenticate valid user credentials (1 ms)
      ├ù should reject invalid credentials
      ├ù should reject non-existent user
      ├ù should validate input data
      ├ù should handle database connection errors
      ├ù should log audit trail for login attempts
      ├ù should handle rate limiting

  ΓùÅ /api/auth/test-login Integration Tests ΓÇ║ POST /api/auth/test-login ΓÇ║ should authenticate valid user 
credentials

    TypeError: Cannot read properties of undefined (reading 'mockResolvedValue')

    [0m [90m 17 |[39m     [33m;[39m(prisma[33m.[39muser[33m.[39mcreate [36mas[39m 
jest[33m.[39m[33mMock[39m)[33m.[39mmockResolvedValue({})
     [90m 18 |[39m     [33m;[39m(prisma[33m.[39mauditLog[33m.[39mcreate [36mas[39m 
jest[33m.[39m[33mMock[39m)[33m.[39mmockResolvedValue({})
    [31m[1m>[22m[39m[90m 19 |[39m     [33m;[39m(prisma[33m.[39mauditLog[33m.[39mfindFirst 
[36mas[39m jest[33m.[39m[33mMock[39m)[33m.[39mmockResolvedValue([36mnull[39m)
     [90m    |[39m                                               [31m[1m^[22m[39m
     [90m 20 |[39m   })
     [90m 21 |[39m
     [90m 22 |[39m   afterAll([36masync[39m () [33m=>[39m {[0m

      at Object.mockResolvedValue (__tests__/api/auth/login.integration.test.ts:19:47)

  ΓùÅ /api/auth/test-login Integration Tests ΓÇ║ POST /api/auth/test-login ΓÇ║ should reject invalid credentials

    TypeError: Cannot read properties of undefined (reading 'mockResolvedValue')

    [0m [90m 17 |[39m     [33m;[39m(prisma[33m.[39muser[33m.[39mcreate [36mas[39m 
jest[33m.[39m[33mMock[39m)[33m.[39mmockResolvedValue({})
     [90m 18 |[39m     [33m;[39m(prisma[33m.[39mauditLog[33m.[39mcreate [36mas[39m 
jest[33m.[39m[33mMock[39m)[33m.[39mmockResolvedValue({})
    [31m[1m>[22m[39m[90m 19 |[39m     [33m;[39m(prisma[33m.[39mauditLog[33m.[39mfindFirst 
[36mas[39m jest[33m.[39m[33mMock[39m)[33m.[39mmockResolvedValue([36mnull[39m)
     [90m    |[39m                                               [31m[1m^[22m[39m
     [90m 20 |[39m   })
     [90m 21 |[39m
     [90m 22 |[39m   afterAll([36masync[39m () [33m=>[39m {[0m

      at Object.mockResolvedValue (__tests__/api/auth/login.integration.test.ts:19:47)

  ΓùÅ /api/auth/test-login Integration Tests ΓÇ║ POST /api/auth/test-login ΓÇ║ should reject non-existent user

    TypeError: Cannot read properties of undefined (reading 'mockResolvedValue')

    [0m [90m 17 |[39m     [33m;[39m(prisma[33m.[39muser[33m.[39mcreate [36mas[39m 
jest[33m.[39m[33mMock[39m)[33m.[39mmockResolvedValue({})
     [90m 18 |[39m     [33m;[39m(prisma[33m.[39mauditLog[33m.[39mcreate [36mas[39m 
jest[33m.[39m[33mMock[39m)[33m.[39mmockResolvedValue({})
    [31m[1m>[22m[39m[90m 19 |[39m     [33m;[39m(prisma[33m.[39mauditLog[33m.[39mfindFirst 
[36mas[39m jest[33m.[39m[33mMock[39m)[33m.[39mmockResolvedValue([36mnull[39m)
     [90m    |[39m                                               [31m[1m^[22m[39m
     [90m 20 |[39m   })
     [90m 21 |[39m
     [90m 22 |[39m   afterAll([36masync[39m () [33m=>[39m {[0m

      at Object.mockResolvedValue (__tests__/api/auth/login.integration.test.ts:19:47)

  ΓùÅ /api/auth/test-login Integration Tests ΓÇ║ POST /api/auth/test-login ΓÇ║ should validate input data

    TypeError: Cannot read properties of undefined (reading 'mockResolvedValue')

    [0m [90m 17 |[39m     [33m;[39m(prisma[33m.[39muser[33m.[39mcreate [36mas[39m 
jest[33m.[39m[33mMock[39m)[33m.[39mmockResolvedValue({})
     [90m 18 |[39m     [33m;[39m(prisma[33m.[39mauditLog[33m.[39mcreate [36mas[39m 
jest[33m.[39m[33mMock[39m)[33m.[39mmockResolvedValue({})
    [31m[1m>[22m[39m[90m 19 |[39m     [33m;[39m(prisma[33m.[39mauditLog[33m.[39mfindFirst 
[36mas[39m jest[33m.[39m[33mMock[39m)[33m.[39mmockResolvedValue([36mnull[39m)
     [90m    |[39m                                               [31m[1m^[22m[39m
     [90m 20 |[39m   })
     [90m 21 |[39m
     [90m 22 |[39m   afterAll([36masync[39m () [33m=>[39m {[0m

      at Object.mockResolvedValue (__tests__/api/auth/login.integration.test.ts:19:47)

  ΓùÅ /api/auth/test-login Integration Tests ΓÇ║ POST /api/auth/test-login ΓÇ║ should handle database connection 
errors

    TypeError: Cannot read properties of undefined (reading 'mockResolvedValue')

    [0m [90m 17 |[39m     [33m;[39m(prisma[33m.[39muser[33m.[39mcreate [36mas[39m 
jest[33m.[39m[33mMock[39m)[33m.[39mmockResolvedValue({})
     [90m 18 |[39m     [33m;[39m(prisma[33m.[39mauditLog[33m.[39mcreate [36mas[39m 
jest[33m.[39m[33mMock[39m)[33m.[39mmockResolvedValue({})
    [31m[1m>[22m[39m[90m 19 |[39m     [33m;[39m(prisma[33m.[39mauditLog[33m.[39mfindFirst 
[36mas[39m jest[33m.[39m[33mMock[39m)[33m.[39mmockResolvedValue([36mnull[39m)
     [90m    |[39m                                               [31m[1m^[22m[39m
     [90m 20 |[39m   })
     [90m 21 |[39m
     [90m 22 |[39m   afterAll([36masync[39m () [33m=>[39m {[0m

      at Object.mockResolvedValue (__tests__/api/auth/login.integration.test.ts:19:47)

  ΓùÅ /api/auth/test-login Integration Tests ΓÇ║ POST /api/auth/test-login ΓÇ║ should log audit trail for login 
attempts

    TypeError: Cannot read properties of undefined (reading 'mockResolvedValue')

    [0m [90m 17 |[39m     [33m;[39m(prisma[33m.[39muser[33m.[39mcreate [36mas[39m 
jest[33m.[39m[33mMock[39m)[33m.[39mmockResolvedValue({})
     [90m 18 |[39m     [33m;[39m(prisma[33m.[39mauditLog[33m.[39mcreate [36mas[39m 
jest[33m.[39m[33mMock[39m)[33m.[39mmockResolvedValue({})
    [31m[1m>[22m[39m[90m 19 |[39m     [33m;[39m(prisma[33m.[39mauditLog[33m.[39mfindFirst 
[36mas[39m jest[33m.[39m[33mMock[39m)[33m.[39mmockResolvedValue([36mnull[39m)
     [90m    |[39m                                               [31m[1m^[22m[39m
     [90m 20 |[39m   })
     [90m 21 |[39m
     [90m 22 |[39m   afterAll([36masync[39m () [33m=>[39m {[0m

      at Object.mockResolvedValue (__tests__/api/auth/login.integration.test.ts:19:47)

  ΓùÅ /api/auth/test-login Integration Tests ΓÇ║ POST /api/auth/test-login ΓÇ║ should handle rate limiting

    TypeError: Cannot read properties of undefined (reading 'mockResolvedValue')

    [0m [90m 17 |[39m     [33m;[39m(prisma[33m.[39muser[33m.[39mcreate [36mas[39m 
jest[33m.[39m[33mMock[39m)[33m.[39mmockResolvedValue({})
     [90m 18 |[39m     [33m;[39m(prisma[33m.[39mauditLog[33m.[39mcreate [36mas[39m 
jest[33m.[39m[33mMock[39m)[33m.[39mmockResolvedValue({})
    [31m[1m>[22m[39m[90m 19 |[39m     [33m;[39m(prisma[33m.[39mauditLog[33m.[39mfindFirst 
[36mas[39m jest[33m.[39m[33mMock[39m)[33m.[39mmockResolvedValue([36mnull[39m)
     [90m    |[39m                                               [31m[1m^[22m[39m
     [90m 20 |[39m   })
     [90m 21 |[39m
     [90m 22 |[39m   afterAll([36masync[39m () [33m=>[39m {[0m

      at Object.mockResolvedValue (__tests__/api/auth/login.integration.test.ts:19:47)

FAIL __tests__/lib/auth.test.ts
  Auth utilities
    Password hashing
      ├ù should hash passwords securely (1 ms)
      ├ù should handle hashing errors (1 ms)
    Password verification
      ├ù should verify correct passwords (1 ms)
      ΓêÜ should reject incorrect passwords (1 ms)
      ├ù should handle verification errors

  ΓùÅ Auth utilities ΓÇ║ Password hashing ΓÇ║ should hash passwords securely

    expect(jest.fn()).toHaveBeenCalledWith(...expected)

    Expected: "testpassword123", 12

    Number of calls: 0

    [0m [90m 30 |[39m       [36mconst[39m result [33m=[39m [36mawait[39m 
hashPassword(password)[33m;[39m
     [90m 31 |[39m
    [31m[1m>[22m[39m[90m 32 |[39m       
expect(mockBcrypt[33m.[39mhash)[33m.[39mtoHaveBeenCalledWith(password[33m,[39m [35m12[39m)[33m;[39m
     [90m    |[39m                               [31m[1m^[22m[39m
     [90m 33 |[39m       expect(result)[33m.[39mtoBe(hashedPassword)[33m;[39m
     [90m 34 |[39m     })[33m;[39m
     [90m 35 |[39m[0m

      at Object.toHaveBeenCalledWith (__tests__/lib/auth.test.ts:32:31)

  ΓùÅ Auth utilities ΓÇ║ Password hashing ΓÇ║ should handle hashing errors

    expect(received).rejects.toThrow()

    Received promise resolved instead of rejected
    Resolved to value: "hashed_testpassword123"

    [0m [90m 40 |[39m       mockBcrypt[33m.[39mhash[33m.[39mmockRejectedValue(error [36mas[39m 
never)[33m;[39m
     [90m 41 |[39m
    [31m[1m>[22m[39m[90m 42 |[39m       [36mawait[39m 
expect(hashPassword(password))[33m.[39mrejects[33m.[39mtoThrow([32m"Hashing failed"[39m)[33m;[39m
     [90m    |[39m             [31m[1m^[22m[39m
     [90m 43 |[39m     })[33m;[39m
     [90m 44 |[39m   })[33m;[39m
     [90m 45 |[39m[0m

      at expect (node_modules/expect/build/index.js:113:15)
      at Object.expect (__tests__/lib/auth.test.ts:42:13)

  ΓùÅ Auth utilities ΓÇ║ Password verification ΓÇ║ should verify correct passwords

    expect(jest.fn()).toHaveBeenCalledWith(...expected)

    Expected: "testpassword123", "hashed_password"

    Number of calls: 0

    [0m [90m 53 |[39m       [36mconst[39m result [33m=[39m [36mawait[39m 
verifyPassword(password[33m,[39m hashedPassword)[33m;[39m
     [90m 54 |[39m
    [31m[1m>[22m[39m[90m 55 |[39m       
expect(mockBcrypt[33m.[39mcompare)[33m.[39mtoHaveBeenCalledWith(password[33m,[39m hashedPassword)[33m;[39m
     [90m    |[39m                                  [31m[1m^[22m[39m
     [90m 56 |[39m       expect(result)[33m.[39mtoBe([36mtrue[39m)[33m;[39m
     [90m 57 |[39m     })[33m;[39m
     [90m 58 |[39m[0m

      at Object.toHaveBeenCalledWith (__tests__/lib/auth.test.ts:55:34)

  ΓùÅ Auth utilities ΓÇ║ Password verification ΓÇ║ should handle verification errors

    expect(received).rejects.toThrow()

    Received promise resolved instead of rejected
    Resolved to value: false

    [0m [90m 75 |[39m       mockBcrypt[33m.[39mcompare[33m.[39mmockRejectedValue(error [36mas[39m 
never)[33m;[39m
     [90m 76 |[39m
    [31m[1m>[22m[39m[90m 77 |[39m       [36mawait[39m expect(verifyPassword(password[33m,[39m 
hashedPassword))[33m.[39mrejects[33m.[39mtoThrow(
     [90m    |[39m             [31m[1m^[22m[39m
     [90m 78 |[39m         [32m"Verification failed"[39m[33m,[39m
     [90m 79 |[39m       )[33m;[39m
     [90m 80 |[39m     })[33m;[39m[0m

      at expect (node_modules/expect/build/index.js:113:15)
      at Object.expect (__tests__/lib/auth.test.ts:77:13)

  console.error
    Registration error: Database error

    [0m [90m 86 |[39m     [90m// Narrow the error for safer logging[39m
     [90m 87 |[39m     [36mconst[39m message [33m=[39m error [36minstanceof[39m [33mError[39m [33m?[39m error[33m.[39mmessage [33m:[39m [32m'Unknown error'[39m
    [31m[1m>[22m[39m[90m 88 |[39m     console[33m.[39merror([32m'Registration error:'[39m[33m,[39m message)
     [90m    |[39m             [31m[1m^[22m[39m
     [90m 89 |[39m
     [90m 90 |[39m     [36mreturn[39m [33mNextResponse[39m[33m.[39mjson(
     [90m 91 |[39m       { success[33m:[39m [36mfalse[39m[33m,[39m message[33m:[39m [32m'Internal server error'[39m }[33m,[39m[0m

      at error (app/api/auth/register/route.ts:88:13)
      at Object.<anonymous> (__tests__/api/auth/register.test.ts:309:19)

PASS __tests__/api/auth/register.test.ts
  POST /api/auth/register
    Successful registration
      ΓêÜ registers a new user with valid data (4 ms)
      ΓêÜ defaults role to VIEWER when not provided (2 ms)
    Business rule validation
      ΓêÜ prevents duplicate email registration (1 ms)
      ΓêÜ validates required fields and formats (3 ms)
      ΓêÜ enforces password strength requirements (3 ms)
      ΓêÜ rejects invalid roles (1 ms)
    Data processing
      ΓêÜ normalizes user input correctly (6 ms)
      ΓêÜ handles case-insensitive email matching (1 ms)
    Security and privacy
      ΓêÜ does not expose sensitive data in response (1 ms)
    Error handling
      ΓêÜ handles server errors gracefully (16 ms)

PASS __tests__/lib/validations.test.ts
  Validation Schemas
    loginSchema
      Form validation
        ΓêÜ should validate correct data (1 ms)
        ΓêÜ should reject invalid data case 1 (1 ms)
        ΓêÜ should reject invalid data case 2
        ΓêÜ should reject invalid data case 3
        ΓêÜ should reject invalid data case 4
        ΓêÜ should reject invalid data case 5 (1 ms)
        ΓêÜ should reject invalid data case 6
    registerSchema
      ΓêÜ should allow registration without role (defaults to VIEWER) (1 ms)
      Form validation
        ΓêÜ should validate correct data
        ΓêÜ should reject invalid data case 1 (1 ms)
        ΓêÜ should reject invalid data case 2
        ΓêÜ should reject invalid data case 3 (1 ms)
        ΓêÜ should reject invalid data case 4
        ΓêÜ should reject invalid data case 5 (1 ms)
        ΓêÜ should reject invalid data case 6
        ΓêÜ should reject invalid data case 7
        ΓêÜ should reject invalid data case 8 (1 ms)
        ΓêÜ should reject invalid data case 9
    forgotPasswordSchema
      Form validation
        ΓêÜ should validate correct data
        ΓêÜ should reject invalid data case 1
        ΓêÜ should reject invalid data case 2
        ΓêÜ should reject invalid data case 3
        ΓêÜ should reject invalid data case 4 (1 ms)
    updateUserSchema
      ΓêÜ should allow partial updates (1 ms)
      ΓêÜ should allow valid email with 4+ characters before @
      Form validation
        ΓêÜ should validate correct data (1 ms)
        ΓêÜ should reject invalid data case 1
        ΓêÜ should reject invalid data case 2 (1 ms)
        ΓêÜ should reject invalid data case 3
        ΓêÜ should reject invalid data case 4
    Email username validation
      ΓêÜ should accept emails with exactly 4 characters before @
      ΓêÜ should reject emails with fewer than 4 characters before @
      ΓêÜ should accept emails with more than 4 characters before @ (1 ms)

PASS __tests__/test-fixes.test.ts
  Fix 1: requireRole and requireAdmin user.role undefined
    ΓêÜ should handle session with undefined role (3 ms)
    ΓêÜ should handle session with null role (1 ms)
  Fix 2: [id]/route.ts params handling
    ΓêÜ should handle missing params object (20 ms)
    ΓêÜ should handle missing params.id (1 ms)
    ΓêÜ should handle valid params correctly
  Fix 3: getUserById with ID=1 not found
    ΓêÜ should handle getUserById returning null for ID=1 (1 ms)
    ΓêÜ should handle getUserById with proper mock setup for ID=1 (1 ms)
  Fix 4: Session vs DB role mismatch
    ΓêÜ should prioritize database role over session role (1 ms)
    ΓêÜ should handle role mismatch with insufficient permissions (2 ms)
    ΓêÜ should handle missing role in database (2 ms)
  Edge cases and error handling
    ΓêÜ should handle database errors gracefully (2 ms)

PASS __tests__/api/auth/test-session.test.ts
  /api/auth/test-session
    ΓêÜ should return session data when authenticated (3 ms)
    ΓêÜ should return 401 when not authenticated (2 ms)
    ΓêÜ should handle errors gracefully
    ΓêÜ should extract IP from x-real-ip header when x-forwarded-for is not available (1 ms)
    ΓêÜ should use unknown IP when no IP headers are present (1 ms)

  console.warn
    ΓÜá∩╕Å  Server is not running. Skipping live tests.

    [0m [90m 30 |[39m     serverRunning [33m=[39m [36mawait[39m isServerRunning()[33m;[39m
     [90m 31 |[39m     [36mif[39m ([33m![39mserverRunning) {
    [31m[1m>[22m[39m[90m 32 |[39m       console[33m.[39mwarn([32m'ΓÜá∩╕Å  Server is not running. Skipping live tests.'[39m)[33m;[39m
     [90m    |[39m               [31m[1m^[22m[39m
     [90m 33 |[39m       console[33m.[39mwarn([32m'   Start server with: npm run dev'[39m)[33m;[39m
     [90m 34 |[39m       [36mreturn[39m[33m;[39m
     [90m 35 |[39m     }[0m

      at Object.warn (__tests__/live/auth-api.live.test.ts:32:15)

  console.warn
       Start server with: npm run dev

    [0m [90m 31 |[39m     [36mif[39m ([33m![39mserverRunning) {
     [90m 32 |[39m       console[33m.[39mwarn([32m'ΓÜá∩╕Å  Server is not running. Skipping live tests.'[39m)[33m;[39m
    [31m[1m>[22m[39m[90m 33 |[39m       console[33m.[39mwarn([32m'   Start server with: npm run dev'[39m)[33m;[39m
     [90m    |[39m               [31m[1m^[22m[39m
     [90m 34 |[39m       [36mreturn[39m[33m;[39m
     [90m 35 |[39m     }
     [90m 36 |[39m[0m

      at Object.warn (__tests__/live/auth-api.live.test.ts:33:15)

  console.log
    ΓÅ¡∩╕Å  Skipping test - server not running

      at Object.log (__tests__/live/auth-api.live.test.ts:50:17)

  console.log
    ΓÅ¡∩╕Å  Skipping test - server not running

      at Object.log (__tests__/live/auth-api.live.test.ts:64:17)

  console.log
    ΓÅ¡∩╕Å  Skipping test - server not running

      at Object.log (__tests__/live/auth-api.live.test.ts:80:17)

  console.log
    ΓÅ¡∩╕Å  Skipping test - server not running

      at Object.log (__tests__/live/auth-api.live.test.ts:94:17)

  console.log
    ΓÅ¡∩╕Å  Skipping test - server not running

      at Object.log (__tests__/live/auth-api.live.test.ts:110:17)

  console.log
    ΓÅ¡∩╕Å  Skipping test - server not running

      at Object.log (__tests__/live/auth-api.live.test.ts:133:17)

  console.log
    ΓÅ¡∩╕Å  Skipping test - server not running

      at Object.log (__tests__/live/auth-api.live.test.ts:145:17)

  console.log
    ΓÅ¡∩╕Å  Skipping test - server not running

      at Object.log (__tests__/live/auth-api.live.test.ts:159:17)

PASS __tests__/live/auth-api.live.test.ts
  Authentication API - Live Server Tests
    Health Check
      ΓêÜ should return healthy status (5 ms)
    User Registration
      ΓêÜ should register a new user successfully (3 ms)
      ΓêÜ should reject duplicate email registration (2 ms)
    User Authentication
      ΓêÜ should authenticate with valid credentials (3 ms)
      ΓêÜ should reject invalid credentials (2 ms)
    Protected Routes
      ΓêÜ should access dashboard stats with authentication (3 ms)
      ΓêÜ should reject access without authentication (3 ms)
    Rate Limiting
      ΓêÜ should handle rate limiting correctly (2 ms)

PASS __tests__/lib/rbac.test.ts
  RBAC Authorization System
    Core permission checks
      ΓêÜ grants ADMIN users all permissions (7 ms)
      ΓêÜ enforces VIEWER permission restrictions (2 ms)
      ΓêÜ enforces OPERATOR permission level (1 ms)
    Multiple permission checks
      ΓêÜ validates any permission correctly (2 ms)
      ΓêÜ validates all permissions correctly (1 ms)
    Role hierarchy system
      ΓêÜ defines correct role hierarchy (2 ms)
      ΓêÜ compares role levels correctly (1 ms)
    Role management utilities
      ΓêÜ provides correct role display names (1 ms)
      ΓêÜ returns available roles based on user level (1 ms)
    Permission system integrity
      ΓêÜ contains only valid roles in permissions config (9 ms)
      ΓêÜ handles invalid permissions gracefully (1 ms)
    User permission validation
      ΓêÜ validates user permissions correctly (1 ms)

PASS __tests__/api/auth/users.test.ts
  /api/auth/users
    GET /api/auth/users
      ΓêÜ should return all users for admin (23 ms)
      ΓêÜ should deny access for non-admin users (1 ms)
      ΓêÜ should handle database errors gracefully (1 ms)

PASS __tests__/api/auth/nextauth.test.ts
  NextAuth Configuration
    ΓêÜ should have correct providers configured (2 ms)
    ΓêÜ should use JWT strategy
    ΓêÜ should have correct pages configured (1 ms)
    ΓêÜ should have callbacks configured (1 ms)
    Credentials Provider
      ΓêÜ should authorize valid credentials (1 ms)
      ΓêÜ should reject if user not found (1 ms)
      ΓêÜ should reject if password is invalid (1 ms)
      ΓêÜ should reject missing credentials
    JWT Callback
      ΓêÜ should add user data to token on sign in (1 ms)
      ΓêÜ should update token from session on update trigger
    Session Callback
      ΓêÜ should populate session.user with token data
    SignIn Callback
      ΓêÜ should allow valid users to sign in (1 ms)
    Redirect Callback
      ΓêÜ should return full URL for relative path (1 ms)
      ΓêÜ should return same-origin URL as is (1 ms)
      ΓêÜ should fallback to dashboard on external URL (1 ms)

PASS __tests__/middleware.test.ts
  requireAuth
    ΓêÜ should authenticate user with valid session (3 ms)
    ΓêÜ should return error for missing session (1 ms)
    ΓêÜ should return error for invalid session (1 ms)
    ΓêÜ should return error when user not found in database (1 ms)
  requireRole
    ΓêÜ should allow access for correct role (1 ms)
    ΓêÜ should allow access for multiple allowed roles (1 ms)
    ΓêÜ should redirect when role is insufficient
  requireAdmin
    ΓêÜ should allow access for admin user (1 ms)
    ΓêÜ should deny access for non-admin user (1 ms)
  requireAdminOrModerator
    ΓêÜ should allow access for admin user (1 ms)
    ΓêÜ should allow access for operator user
    ΓêÜ should deny access for regular user (1 ms)

PASS __tests__/lib/password-validator.test.ts
  Password Validator
    Business requirement validation
      ΓêÜ accepts passwords meeting security requirements (2 ms)
      ΓêÜ rejects passwords not meeting security requirements (2 ms)
      ΓêÜ handles common special characters correctly (1 ms)
      ΓêÜ handles edge cases appropriately
    Integration with Zod validator
      ΓêÜ maintains consistency with main validator (2 ms)
    Return type validation
      ΓêÜ returns correct structure for valid passwords (2 ms)
      ΓêÜ returns correct structure for invalid passwords (2 ms)

PASS __tests__/live/simple.test.ts
  Live Server Setup Test
    ΓêÜ should run basic test (1 ms)
    ΓêÜ should have access to environment variables
    ΓêÜ should be able to import test utilities (2 ms)

Test Suites: 6 failed, 1 skipped, 11 passed, 17 of 18 total
Tests:       63 failed, 9 skipped, 128 passed, 200 total
Snapshots:   0 total
Time:        13.557 s, estimated 31 s
Ran all test suites.
